Component: Arm Compiler for Embedded 6.18 Tool: armlink [5e4cc100]

==============================================================================

Section Cross References

    startup_gd32f30x_xd.o(RESET) refers to startup_gd32f30x_xd.o(STACK) for __initial_sp
    startup_gd32f30x_xd.o(RESET) refers to startup_gd32f30x_xd.o(.text) for Reset_Handler
    startup_gd32f30x_xd.o(RESET) refers to gd32f30x_it.o(.text.NMI_Handler) for NMI_Handler
    startup_gd32f30x_xd.o(RESET) refers to gd32f30x_it.o(.text.HardFault_Handler) for HardFault_Handler
    startup_gd32f30x_xd.o(RESET) refers to gd32f30x_it.o(.text.MemManage_Handler) for MemManage_Handler
    startup_gd32f30x_xd.o(RESET) refers to gd32f30x_it.o(.text.BusFault_Handler) for BusFault_Handler
    startup_gd32f30x_xd.o(RESET) refers to gd32f30x_it.o(.text.UsageFault_Handler) for UsageFault_Handler
    startup_gd32f30x_xd.o(RESET) refers to gd32f30x_it.o(.text.SVC_Handler) for SVC_Handler
    startup_gd32f30x_xd.o(RESET) refers to gd32f30x_it.o(.text.DebugMon_Handler) for DebugMon_Handler
    startup_gd32f30x_xd.o(RESET) refers to gd32f30x_it.o(.text.PendSV_Handler) for PendSV_Handler
    startup_gd32f30x_xd.o(RESET) refers to gd32f30x_it.o(.text.SysTick_Handler) for SysTick_Handler
    startup_gd32f30x_xd.o(RESET) refers to gd32f30x_it.o(.text.USART0_IRQHandler) for USART0_IRQHandler
    startup_gd32f30x_xd.o(RESET) refers to gd32f30x_it.o(.text.USART1_IRQHandler) for USART1_IRQHandler
    startup_gd32f30x_xd.o(.text) refers to system_gd32f30x.o(.text.SystemInit) for SystemInit
    startup_gd32f30x_xd.o(.text) refers to entry.o(.ARM.Collect$$$$00000000) for __main
    system_gd32f30x.o(.ARM.exidx.text.SystemInit) refers to system_gd32f30x.o(.text.SystemInit) for [Anonymous Symbol]
    system_gd32f30x.o(.text.SystemCoreClockUpdate) refers to system_gd32f30x.o(.data.SystemCoreClock) for SystemCoreClock
    system_gd32f30x.o(.ARM.exidx.text.SystemCoreClockUpdate) refers to system_gd32f30x.o(.text.SystemCoreClockUpdate) for [Anonymous Symbol]
    gd32f30x_gpio.o(.text.gpio_deinit) refers to gd32f30x_rcu.o(.text.rcu_periph_reset_enable) for rcu_periph_reset_enable
    gd32f30x_gpio.o(.text.gpio_deinit) refers to gd32f30x_rcu.o(.text.rcu_periph_reset_disable) for rcu_periph_reset_disable
    gd32f30x_gpio.o(.ARM.exidx.text.gpio_deinit) refers to gd32f30x_gpio.o(.text.gpio_deinit) for [Anonymous Symbol]
    gd32f30x_gpio.o(.text.gpio_afio_deinit) refers to gd32f30x_rcu.o(.text.rcu_periph_reset_enable) for rcu_periph_reset_enable
    gd32f30x_gpio.o(.text.gpio_afio_deinit) refers to gd32f30x_rcu.o(.text.rcu_periph_reset_disable) for rcu_periph_reset_disable
    gd32f30x_gpio.o(.ARM.exidx.text.gpio_afio_deinit) refers to gd32f30x_gpio.o(.text.gpio_afio_deinit) for [Anonymous Symbol]
    gd32f30x_gpio.o(.ARM.exidx.text.gpio_init) refers to gd32f30x_gpio.o(.text.gpio_init) for [Anonymous Symbol]
    gd32f30x_gpio.o(.ARM.exidx.text.gpio_bit_set) refers to gd32f30x_gpio.o(.text.gpio_bit_set) for [Anonymous Symbol]
    gd32f30x_gpio.o(.ARM.exidx.text.gpio_bit_reset) refers to gd32f30x_gpio.o(.text.gpio_bit_reset) for [Anonymous Symbol]
    gd32f30x_gpio.o(.ARM.exidx.text.gpio_bit_write) refers to gd32f30x_gpio.o(.text.gpio_bit_write) for [Anonymous Symbol]
    gd32f30x_gpio.o(.ARM.exidx.text.gpio_port_write) refers to gd32f30x_gpio.o(.text.gpio_port_write) for [Anonymous Symbol]
    gd32f30x_gpio.o(.ARM.exidx.text.gpio_input_bit_get) refers to gd32f30x_gpio.o(.text.gpio_input_bit_get) for [Anonymous Symbol]
    gd32f30x_gpio.o(.ARM.exidx.text.gpio_input_port_get) refers to gd32f30x_gpio.o(.text.gpio_input_port_get) for [Anonymous Symbol]
    gd32f30x_gpio.o(.ARM.exidx.text.gpio_output_bit_get) refers to gd32f30x_gpio.o(.text.gpio_output_bit_get) for [Anonymous Symbol]
    gd32f30x_gpio.o(.ARM.exidx.text.gpio_output_port_get) refers to gd32f30x_gpio.o(.text.gpio_output_port_get) for [Anonymous Symbol]
    gd32f30x_gpio.o(.ARM.exidx.text.gpio_pin_remap_config) refers to gd32f30x_gpio.o(.text.gpio_pin_remap_config) for [Anonymous Symbol]
    gd32f30x_gpio.o(.ARM.exidx.text.gpio_exti_source_select) refers to gd32f30x_gpio.o(.text.gpio_exti_source_select) for [Anonymous Symbol]
    gd32f30x_gpio.o(.ARM.exidx.text.gpio_event_output_config) refers to gd32f30x_gpio.o(.text.gpio_event_output_config) for [Anonymous Symbol]
    gd32f30x_gpio.o(.ARM.exidx.text.gpio_event_output_enable) refers to gd32f30x_gpio.o(.text.gpio_event_output_enable) for [Anonymous Symbol]
    gd32f30x_gpio.o(.ARM.exidx.text.gpio_event_output_disable) refers to gd32f30x_gpio.o(.text.gpio_event_output_disable) for [Anonymous Symbol]
    gd32f30x_gpio.o(.ARM.exidx.text.gpio_pin_lock) refers to gd32f30x_gpio.o(.text.gpio_pin_lock) for [Anonymous Symbol]
    gd32f30x_gpio.o(.ARM.exidx.text.gpio_compensation_config) refers to gd32f30x_gpio.o(.text.gpio_compensation_config) for [Anonymous Symbol]
[...]
    main.o(.text.convert_data_meter) refers to memseta.o(.text) for __aeabi_memclr4
    main.o(.text.convert_data_meter) refers to main.o(.bss.len_meter_buf) for len_meter_buf
    main.o(.text.convert_data_meter) refers to main.o(.bss.meter_buf) for meter_buf
    main.o(.text.convert_data_meter) refers to gd32f30x_usart.o(.text.usart_data_transmit) for usart_data_transmit
    main.o(.ARM.exidx.text.convert_data_meter) refers to main.o(.text.convert_data_meter) for [Anonymous Symbol]
    main.o(.text.copy_uart1_to_meter) refers to main.o(.bss.meter_buf) for meter_buf
    main.o(.text.copy_uart1_to_meter) refers to main.o(.bss.uart1_temp) for uart1_temp
    main.o(.text.copy_uart1_to_meter) refers to memcpya.o(.text) for __aeabi_memcpy4
    main.o(.text.copy_uart1_to_meter) refers to main.o(.bss.len_meter_buf) for len_meter_buf
    main.o(.text.copy_uart1_to_meter) refers to main.o(.text.extract_data) for extract_data
    main.o(.text.copy_uart1_to_meter) refers to main.o(.text.convert_data_meter) for convert_data_meter
    main.o(.text.copy_uart1_to_meter) refers to main.o(.bss.sim_flag) for sim_flag
    main.o(.ARM.exidx.text.copy_uart1_to_meter) refers to main.o(.text.copy_uart1_to_meter) for [Anonymous Symbol]
    main.o(.ARM.exidx.text.mcu_version) refers to main.o(.text.mcu_version) for [Anonymous Symbol]
    main.o(.text.wdt_on) refers to gd32f30x_gpio.o(.text.gpio_init) for gpio_init
    main.o(.text.wdt_on) refers to gd32f30x_gpio.o(.text.gpio_bit_reset) for gpio_bit_reset
    main.o(.ARM.exidx.text.wdt_on) refers to main.o(.text.wdt_on) for [Anonymous Symbol]
    main.o(.text.L716_reset) refers to gd32f30x_gpio.o(.text.gpio_bit_set) for gpio_bit_set
    main.o(.text.L716_reset) refers to gd32f30x_gpio.o(.text.gpio_bit_reset) for gpio_bit_reset
    main.o(.ARM.exidx.text.L716_reset) refers to main.o(.text.L716_reset) for [Anonymous Symbol]
    main.o(.text.led_init) refers to gd32f30x_rcu.o(.text.rcu_periph_clock_enable) for rcu_periph_clock_enable
    main.o(.text.led_init) refers to gd32f30x_gpio.o(.text.gpio_bit_reset) for gpio_bit_reset
    main.o(.text.led_init) refers to gd32f30x_gpio.o(.text.gpio_init) for gpio_init
    main.o(.text.led_init) refers to gd32f30x_gpio.o(.text.gpio_bit_set) for gpio_bit_set
    main.o(.ARM.exidx.text.led_init) refers to main.o(.text.led_init) for [Anonymous Symbol]
    main.o(.text.led_on) refers to gd32f30x_gpio.o(.text.gpio_bit_set) for gpio_bit_set
    main.o(.ARM.exidx.text.led_on) refers to main.o(.text.led_on) for [Anonymous Symbol]
    main.o(.text.led_off) refers to gd32f30x_gpio.o(.text.gpio_bit_reset) for gpio_bit_reset
    main.o(.ARM.exidx.text.led_off) refers to main.o(.text.led_off) for [Anonymous Symbol]
    main.o(.text.main) refers to gd32f30x_rcu.o(.text.rcu_periph_clock_enable) for rcu_periph_clock_enable
    main.o(.text.main) refers to gd32f30x_gpio.o(.text.gpio_bit_reset) for gpio_bit_reset
    main.o(.text.main) refers to gd32f30x_gpio.o(.text.gpio_init) for gpio_init
    main.o(.text.main) refers to gd32f30x_gpio.o(.text.gpio_bit_set) for gpio_bit_set
    main.o(.text.main) refers to usart.o(.text.uart_init) for uart_init
    main.o(.text.main) refers to main.o(.bss.sim_flag) for sim_flag
    main.o(.text.main) refers to usart.o(.text.uart1_send_string) for uart1_send_string
    main.o(.text.main) refers to main.o(.bss.meter_buf) for meter_buf
    main.o(.text.main) refers to main.o(.bss.uart1_temp) for uart1_temp
    main.o(.text.main) refers to memcpya.o(.text) for __aeabi_memcpy4
    main.o(.text.main) refers to main.o(.bss.len_meter_buf) for len_meter_buf
    main.o(.text.main) refers to main.o(.bss.uart1_tx) for uart1_tx
    main.o(.text.main) refers to memseta.o(.text) for __aeabi_memclr4
    main.o(.text.main) refers to main.o(.bss.socket_id) for socket_id
    main.o(.text.main) refers to main.o(.bss.len_rxmeter) for len_rxmeter
    main.o(.text.main) refers to main.o(.rodata.str1.1) for .L.str
    main.o(.text.main) refers to printf1.o(i.__0sprintf$1) for __2sprintf
    main.o(.text.main) refers to main.o(.bss.uart0_rxbuf1) for uart0_rxbuf1
    main.o(.text.main) refers to gd32f30x_usart.o(.text.usart_data_transmit) for usart_data_transmit
    main.o(.text.main) refers to main.o(.text.extract_data) for extract_data
    main.o(.text.main) refers to main.o(.text.convert_data_meter) for convert_data_meter
    main.o(.text.main) refers to main.o(.bss.uart0_rxbuf) for uart0_rxbuf
    main.o(.text.main) refers to main.o(.bss.uart1_rxbuf) for uart1_rxbuf
    main.o(.ARM.exidx.text.main) refers to main.o(.text.main) for [Anonymous Symbol]
    main.o(.rodata.odm_cmds) refers to main.o(.rodata.str1.1) for [Anonymous Symbol]
    main.o(.rodata.odm_cmds) refers to main.o(.text.mcu_version) for mcu_version
    main.o(.rodata.odm_cmds) refers to main.o(.text.led_on) for led_on
    main.o(.rodata.odm_cmds) refers to main.o(.text.led_off) for led_off
    main.o(.rodata.odm_cmds) refers to main.o(.text.wdt_on) for wdt_on
    main.o(.rodata.odm_cmds) refers to main.o(.text.L716_reset) for L716_reset
    entry.o(.ARM.Collect$$$$00000000) refers (Special) to entry10a.o(.ARM.Collect$$$$0000000D) for __rt_final_cpp
    entry.o(.ARM.Collect$$$$00000000) refers (Special) to entry11a.o(.ARM.Collect$$$$0000000F) for __rt_final_exit
    entry.o(.ARM.Collect$$$$00000000) refers (Special) to entry7b.o(.ARM.Collect$$$$00000008) for _main_clock
    entry.o(.ARM.Collect$$$$00000000) refers (Special) to entry8b.o(.ARM.Collect$$$$0000000A) for _main_cpp_init
    entry.o(.ARM.Collect$$$$00000000) refers (Special) to entry9a.o(.ARM.Collect$$$$0000000B) for _main_init
    entry.o(.ARM.Collect$$$$00000000) refers (Special) to entry5.o(.ARM.Collect$$$$00000004) for _main_scatterload
    entry.o(.ARM.Collect$$$$00000000) refers (Special) to entry2.o(.ARM.Collect$$$$00000001) for _main_stk
    printfb.o(i.__0fprintf$bare) refers to printfb.o(i._printf_core) for _printf_core
    printfb.o(i.__0fprintf$bare) refers to usart.o(.text.fputc) for fputc
    printfb.o(i.__0printf$bare) refers to printfb.o(i._printf_core) for _printf_core
    printfb.o(i.__0printf$bare) refers to usart.o(.text.fputc) for fputc
    printfb.o(i.__0printf$bare) refers to stdout.o(.data) for __stdout
    printfb.o(i.__0snprintf$bare) refers to printfb.o(i._printf_core) for _printf_core
    printfb.o(i.__0snprintf$bare) refers to printfb.o(i._snputc) for _snputc
    printfb.o(i.__0sprintf$bare) refers to printfb.o(i._printf_core) for _printf_core
    printfb.o(i.__0sprintf$bare) refers to printfb.o(i._sputc) for _sputc
    printfb.o(i.__0vfprintf$bare) refers to printfb.o(i._printf_core) for _printf_core
    printfb.o(i.__0vfprintf$bare) refers to usart.o(.text.fputc) for fputc
    printfb.o(i.__0vprintf$bare) refers to printfb.o(i._printf_core) for _printf_core
    printfb.o(i.__0vprintf$bare) refers to usart.o(.text.fputc) for fputc
    printfb.o(i.__0vprintf$bare) refers to stdout.o(.data) for __stdout
    printfb.o(i.__0vsnprintf$bare) refers to printfb.o(i._printf_core) for _printf_core
    printfb.o(i.__0vsnprintf$bare) refers to printfb.o(i._snputc) for _snputc
    printfb.o(i.__0vsprintf$bare) refers to printfb.o(i._printf_core) for _printf_core
    printfb.o(i.__0vsprintf$bare) refers to printfb.o(i._sputc) for _sputc
    printf0.o(i.__0fprintf$0) refers to printf0.o(i._printf_core) for _printf_core
    printf0.o(i.__0fprintf$0) refers to usart.o(.text.fputc) for fputc
    printf0.o(i.__0printf$0) refers to printf0.o(i._printf_core) for _printf_core
    printf0.o(i.__0printf$0) refers to usart.o(.text.fputc) for fputc
    printf0.o(i.__0printf$0) refers to stdout.o(.data) for __stdout
    printf0.o(i.__0snprintf$0) refers to printf0.o(i._printf_core) for _printf_core
    printf0.o(i.__0snprintf$0) refers to printf0.o(i._snputc) for _snputc
    printf0.o(i.__0sprintf$0) refers to printf0.o(i._printf_core) for _printf_core
    printf0.o(i.__0sprintf$0) refers to printf0.o(i._sputc) for _sputc
    printf0.o(i.__0vfprintf$0) refers to printf0.o(i._printf_core) for _printf_core
    printf0.o(i.__0vfprintf$0) refers to usart.o(.text.fputc) for fputc
    printf0.o(i.__0vprintf$0) refers to printf0.o(i._printf_core) for _printf_core
    printf0.o(i.__0vprintf$0) refers to usart.o(.text.fputc) for fputc
    printf0.o(i.__0vprintf$0) refers to stdout.o(.data) for __stdout
    printf0.o(i.__0vsnprintf$0) refers to printf0.o(i._printf_core) for _printf_core
    printf0.o(i.__0vsnprintf$0) refers to printf0.o(i._snputc) for _snputc
    printf0.o(i.__0vsprintf$0) refers to printf0.o(i._printf_core) for _printf_core
    printf0.o(i.__0vsprintf$0) refers to printf0.o(i._sputc) for _sputc
    printf1.o(i.__0fprintf$1) refers to printf1.o(i._printf_core) for _printf_core
    printf1.o(i.__0fprintf$1) refers to usart.o(.text.fputc) for fputc
    printf1.o(i.__0printf$1) refers to printf1.o(i._printf_core) for _printf_core
    printf1.o(i.__0printf$1) refers to usart.o(.text.fputc) for fputc
    printf1.o(i.__0printf$1) refers to stdout.o(.data) for __stdout
    printf1.o(i.__0snprintf$1) refers to printf1.o(i._printf_core) for _printf_core
    printf1.o(i.__0snprintf$1) refers to printf1.o(i._snputc) for _snputc
    printf1.o(i.__0sprintf$1) refers to printf1.o(i._printf_core) for _printf_core
    printf1.o(i.__0sprintf$1) refers to printf1.o(i._sputc) for _sputc
    printf1.o(i.__0vfprintf$1) refers to printf1.o(i._printf_core) for _printf_core
    printf1.o(i.__0vfprintf$1) refers to usart.o(.text.fputc) for fputc
    printf1.o(i.__0vprintf$1) refers to printf1.o(i._printf_core) for _printf_core
    printf1.o(i.__0vprintf$1) refers to usart.o(.text.fputc) for fputc
    printf1.o(i.__0vprintf$1) refers to stdout.o(.data) for __stdout
    printf1.o(i.__0vsnprintf$1) refers to printf1.o(i._printf_core) for _printf_core
    printf1.o(i.__0vsnprintf$1) refers to printf1.o(i._snputc) for _snputc
    printf1.o(i.__0vsprintf$1) refers to printf1.o(i._printf_core) for _printf_core
    printf1.o(i.__0vsprintf$1) refers to printf1.o(i._sputc) for _sputc
    printf1.o(i._printf_core) refers to uidiv.o(.text) for __aeabi_uidivmod
    printf2.o(i.__0fprintf$2) refers to printf2.o(i._printf_core) for _printf_core
    printf2.o(i.__0fprintf$2) refers to usart.o(.text.fputc) for fputc
    printf2.o(i.__0printf$2) refers to printf2.o(i._printf_core) for _printf_core
    printf2.o(i.__0printf$2) refers to usart.o(.text.fputc) for fputc
    printf2.o(i.__0printf$2) refers to stdout.o(.data) for __stdout
    printf2.o(i.__0snprintf$2) refers to printf2.o(i._printf_core) for _printf_core
    printf2.o(i.__0snprintf$2) refers to printf2.o(i._snputc) for _snputc
    printf2.o(i.__0sprintf$2) refers to printf2.o(i._printf_core) for _printf_core
    printf2.o(i.__0sprintf$2) refers to printf2.o(i._sputc) for _sputc
    printf2.o(i.__0vfprintf$2) refers to printf2.o(i._printf_core) for _printf_core
    printf2.o(i.__0vfprintf$2) refers to usart.o(.text.fputc) for fputc
    printf2.o(i.__0vprintf$2) refers to printf2.o(i._printf_core) for _printf_core
    printf2.o(i.__0vprintf$2) refers to usart.o(.text.fputc) for fputc
    printf2.o(i.__0vprintf$2) refers to stdout.o(.data) for __stdout
    printf2.o(i.__0vsnprintf$2) refers to printf2.o(i._printf_core) for _printf_core
    printf2.o(i.__0vsnprintf$2) refers to printf2.o(i._snputc) for _snputc
    printf2.o(i.__0vsprintf$2) refers to printf2.o(i._printf_core) for _printf_core
    printf2.o(i.__0vsprintf$2) refers to printf2.o(i._sputc) for _sputc
    printf3.o(i.__0fprintf$3) refers to printf3.o(i._printf_core) for _printf_core
    printf3.o(i.__0fprintf$3) refers to usart.o(.text.fputc) for fputc
    printf3.o(i.__0printf$3) refers to printf3.o(i._printf_core) for _printf_core
    printf3.o(i.__0printf$3) refers to usart.o(.text.fputc) for fputc
    printf3.o(i.__0printf$3) refers to stdout.o(.data) for __stdout
    printf3.o(i.__0snprintf$3) refers to printf3.o(i._printf_core) for _printf_core
    printf3.o(i.__0snprintf$3) refers to printf3.o(i._snputc) for _snputc
    printf3.o(i.__0sprintf$3) refers to printf3.o(i._printf_core) for _printf_core
    printf3.o(i.__0sprintf$3) refers to printf3.o(i._sputc) for _sputc
    printf3.o(i.__0vfprintf$3) refers to printf3.o(i._printf_core) for _printf_core
    printf3.o(i.__0vfprintf$3) refers to usart.o(.text.fputc) for fputc
    printf3.o(i.__0vprintf$3) refers to printf3.o(i._printf_core) for _printf_core
    printf3.o(i.__0vprintf$3) refers to usart.o(.text.fputc) for fputc
    printf3.o(i.__0vprintf$3) refers to stdout.o(.data) for __stdout
    printf3.o(i.__0vsnprintf$3) refers to printf3.o(i._printf_core) for _printf_core
    printf3.o(i.__0vsnprintf$3) refers to printf3.o(i._snputc) for _snputc
    printf3.o(i.__0vsprintf$3) refers to printf3.o(i._printf_core) for _printf_core
    printf3.o(i.__0vsprintf$3) refers to printf3.o(i._sputc) for _sputc
    printf3.o(i._printf_core) refers to uidiv.o(.text) for __aeabi_uidivmod
    printf4.o(i.__0fprintf$4) refers to printf4.o(i._printf_core) for _printf_core
    printf4.o(i.__0fprintf$4) refers to usart.o(.text.fputc) for fputc
    printf4.o(i.__0printf$4) refers to printf4.o(i._printf_core) for _printf_core
    printf4.o(i.__0printf$4) refers to usart.o(.text.fputc) for fputc
    printf4.o(i.__0printf$4) refers to stdout.o(.data) for __stdout
    printf4.o(i.__0snprintf$4) refers to printf4.o(i._printf_core) for _printf_core
    printf4.o(i.__0snprintf$4) refers to printf4.o(i._snputc) for _snputc
    printf4.o(i.__0sprintf$4) refers to printf4.o(i._printf_core) for _printf_core
    printf4.o(i.__0sprintf$4) refers to printf4.o(i._sputc) for _sputc
    printf4.o(i.__0vfprintf$4) refers to printf4.o(i._printf_core) for _printf_core
    printf4.o(i.__0vfprintf$4) refers to usart.o(.text.fputc) for fputc
    printf4.o(i.__0vprintf$4) refers to printf4.o(i._printf_core) for _printf_core
    printf4.o(i.__0vprintf$4) refers to usart.o(.text.fputc) for fputc
    printf4.o(i.__0vprintf$4) refers to stdout.o(.data) for __stdout
    printf4.o(i.__0vsnprintf$4) refers to printf4.o(i._printf_core) for _printf_core
    printf4.o(i.__0vsnprintf$4) refers to printf4.o(i._snputc) for _snputc
    printf4.o(i.__0vsprintf$4) refers to printf4.o(i._printf_core) for _printf_core
    printf4.o(i.__0vsprintf$4) refers to printf4.o(i._sputc) for _sputc
    printf4.o(i._printf_core) refers to uldiv.o(.text) for __aeabi_uldivmod
    printf5.o(i.__0fprintf$5) refers to printf5.o(i._printf_core) for _printf_core
    printf5.o(i.__0fprintf$5) refers to usart.o(.text.fputc) for fputc
    printf5.o(i.__0printf$5) refers to printf5.o(i._printf_core) for _printf_core
    printf5.o(i.__0printf$5) refers to usart.o(.text.fputc) for fputc
    printf5.o(i.__0printf$5) refers to stdout.o(.data) for __stdout
    printf5.o(i.__0snprintf$5) refers to printf5.o(i._printf_core) for _printf_core
    printf5.o(i.__0snprintf$5) refers to printf5.o(i._snputc) for _snputc
    printf5.o(i.__0sprintf$5) refers to printf5.o(i._printf_core) for _printf_core
    printf5.o(i.__0sprintf$5) refers to printf5.o(i._sputc) for _sputc
    printf5.o(i.__0vfprintf$5) refers to printf5.o(i._printf_core) for _printf_core
    printf5.o(i.__0vfprintf$5) refers to usart.o(.text.fputc) for fputc
    printf5.o(i.__0vprintf$5) refers to printf5.o(i._printf_core) for _printf_core
    printf5.o(i.__0vprintf$5) refers to usart.o(.text.fputc) for fputc
    printf5.o(i.__0vprintf$5) refers to stdout.o(.data) for __stdout
    printf5.o(i.__0vsnprintf$5) refers to printf5.o(i._printf_core) for _printf_core
    printf5.o(i.__0vsnprintf$5) refers to printf5.o(i._snputc) for _snputc
    printf5.o(i.__0vsprintf$5) refers to printf5.o(i._printf_core) for _printf_core
    printf5.o(i.__0vsprintf$5) refers to printf5.o(i._sputc) for _sputc
    printf5.o(i._printf_core) refers to uldiv.o(.text) for __aeabi_uldivmod
    printf6.o(i.__0fprintf$6) refers to printf6.o(i._printf_core) for _printf_core
    printf6.o(i.__0fprintf$6) refers to usart.o(.text.fputc) for fputc
    printf6.o(i.__0printf$6) refers to printf6.o(i._printf_core) for _printf_core
    printf6.o(i.__0printf$6) refers to usart.o(.text.fputc) for fputc
    printf6.o(i.__0printf$6) refers to stdout.o(.data) for __stdout
    printf6.o(i.__0snprintf$6) refers to printf6.o(i._printf_core) for _printf_core
    printf6.o(i.__0snprintf$6) refers to printf6.o(i._snputc) for _snputc
    printf6.o(i.__0sprintf$6) refers to printf6.o(i._printf_core) for _printf_core
    printf6.o(i.__0sprintf$6) refers to printf6.o(i._sputc) for _sputc
    printf6.o(i.__0vfprintf$6) refers to printf6.o(i._printf_core) for _printf_core
    printf6.o(i.__0vfprintf$6) refers to usart.o(.text.fputc) for fputc
    printf6.o(i.__0vprintf$6) refers to printf6.o(i._printf_core) for _printf_core
    printf6.o(i.__0vprintf$6) refers to usart.o(.text.fputc) for fputc
    printf6.o(i.__0vprintf$6) refers to stdout.o(.data) for __stdout
    printf6.o(i.__0vsnprintf$6) refers to printf6.o(i._printf_core) for _printf_core
    printf6.o(i.__0vsnprintf$6) refers to printf6.o(i._snputc) for _snputc
    printf6.o(i.__0vsprintf$6) refers to printf6.o(i._printf_core) for _printf_core
    printf6.o(i.__0vsprintf$6) refers to printf6.o(i._sputc) for _sputc
    printf6.o(i._printf_core) refers to printf6.o(i._printf_pre_padding) for _printf_pre_padding
    printf6.o(i._printf_core) refers to uidiv.o(.text) for __aeabi_uidivmod
    printf6.o(i._printf_core) refers to printf6.o(i._printf_post_padding) for _printf_post_padding
    printf7.o(i.__0fprintf$7) refers to printf7.o(i._printf_core) for _printf_core
    printf7.o(i.__0fprintf$7) refers to usart.o(.text.fputc) for fputc
    printf7.o(i.__0printf$7) refers to printf7.o(i._printf_core) for _printf_core
    printf7.o(i.__0printf$7) refers to usart.o(.text.fputc) for fputc
    printf7.o(i.__0printf$7) refers to stdout.o(.data) for __stdout
    printf7.o(i.__0snprintf$7) refers to printf7.o(i._printf_core) for _printf_core
    printf7.o(i.__0snprintf$7) refers to printf7.o(i._snputc) for _snputc
    printf7.o(i.__0sprintf$7) refers to printf7.o(i._printf_core) for _printf_core
    printf7.o(i.__0sprintf$7) refers to printf7.o(i._sputc) for _sputc
    printf7.o(i.__0vfprintf$7) refers to printf7.o(i._printf_core) for _printf_core
    printf7.o(i.__0vfprintf$7) refers to usart.o(.text.fputc) for fputc
    printf7.o(i.__0vprintf$7) refers to printf7.o(i._printf_core) for _printf_core
    printf7.o(i.__0vprintf$7) refers to usart.o(.text.fputc) for fputc
    printf7.o(i.__0vprintf$7) refers to stdout.o(.data) for __stdout
    printf7.o(i.__0vsnprintf$7) refers to printf7.o(i._printf_core) for _printf_core
    printf7.o(i.__0vsnprintf$7) refers to printf7.o(i._snputc) for _snputc
    printf7.o(i.__0vsprintf$7) refers to printf7.o(i._printf_core) for _printf_core
    printf7.o(i.__0vsprintf$7) refers to printf7.o(i._sputc) for _sputc
    printf7.o(i._printf_core) refers to printf7.o(i._printf_pre_padding) for _printf_pre_padding
    printf7.o(i._printf_core) refers to uldiv.o(.text) for __aeabi_uldivmod
    printf7.o(i._printf_core) refers to printf7.o(i._printf_post_padding) for _printf_post_padding
    printf8.o(i.__0fprintf$8) refers to printf8.o(i._printf_core) for _printf_core
    printf8.o(i.__0fprintf$8) refers to usart.o(.text.fputc) for fputc
    printf8.o(i.__0printf$8) refers to printf8.o(i._printf_core) for _printf_core
    printf8.o(i.__0printf$8) refers to usart.o(.text.fputc) for fputc
    printf8.o(i.__0printf$8) refers to stdout.o(.data) for __stdout
    printf8.o(i.__0snprintf$8) refers to printf8.o(i._printf_core) for _printf_core
    printf8.o(i.__0snprintf$8) refers to printf8.o(i._snputc) for _snputc
    printf8.o(i.__0sprintf$8) refers to printf8.o(i._printf_core) for _printf_core
    printf8.o(i.__0sprintf$8) refers to printf8.o(i._sputc) for _sputc
    printf8.o(i.__0vfprintf$8) refers to printf8.o(i._printf_core) for _printf_core
    printf8.o(i.__0vfprintf$8) refers to usart.o(.text.fputc) for fputc
    printf8.o(i.__0vprintf$8) refers to printf8.o(i._printf_core) for _printf_core
    printf8.o(i.__0vprintf$8) refers to usart.o(.text.fputc) for fputc
    printf8.o(i.__0vprintf$8) refers to stdout.o(.data) for __stdout
    printf8.o(i.__0vsnprintf$8) refers to printf8.o(i._printf_core) for _printf_core
    printf8.o(i.__0vsnprintf$8) refers to printf8.o(i._snputc) for _snputc
    printf8.o(i.__0vsprintf$8) refers to printf8.o(i._printf_core) for _printf_core
    printf8.o(i.__0vsprintf$8) refers to printf8.o(i._sputc) for _sputc
    printf8.o(i._printf_core) refers to printf8.o(i._printf_pre_padding) for _printf_pre_padding
    printf8.o(i._printf_core) refers to uldiv.o(.text) for __aeabi_uldivmod
    printf8.o(i._printf_core) refers to printf8.o(i._printf_post_padding) for _printf_post_padding
    printfa.o(i.__0fprintf) refers (Special) to iusefp.o(.text) for __I$use$fp
    printfa.o(i.__0fprintf) refers to printfa.o(i._printf_core) for _printf_core
    printfa.o(i.__0fprintf) refers to usart.o(.text.fputc) for fputc
    printfa.o(i.__0printf) refers (Special) to iusefp.o(.text) for __I$use$fp
    printfa.o(i.__0printf) refers to printfa.o(i._printf_core) for _printf_core
    printfa.o(i.__0printf) refers to usart.o(.text.fputc) for fputc
    printfa.o(i.__0printf) refers to stdout.o(.data) for __stdout
    printfa.o(i.__0snprintf) refers (Special) to iusefp.o(.text) for __I$use$fp
    printfa.o(i.__0snprintf) refers to printfa.o(i._printf_core) for _printf_core
    printfa.o(i.__0snprintf) refers to printfa.o(i._snputc) for _snputc
    printfa.o(i.__0sprintf) refers (Special) to iusefp.o(.text) for __I$use$fp
    printfa.o(i.__0sprintf) refers to printfa.o(i._printf_core) for _printf_core
    printfa.o(i.__0sprintf) refers to printfa.o(i._sputc) for _sputc
    printfa.o(i.__0vfprintf) refers (Special) to iusefp.o(.text) for __I$use$fp
    printfa.o(i.__0vfprintf) refers to printfa.o(i._printf_core) for _printf_core
    printfa.o(i.__0vfprintf) refers to usart.o(.text.fputc) for fputc
    printfa.o(i.__0vprintf) refers (Special) to iusefp.o(.text) for __I$use$fp
    printfa.o(i.__0vprintf) refers to printfa.o(i._printf_core) for _printf_core
    printfa.o(i.__0vprintf) refers to usart.o(.text.fputc) for fputc
    printfa.o(i.__0vprintf) refers to stdout.o(.data) for __stdout
    printfa.o(i.__0vsnprintf) refers (Special) to iusefp.o(.text) for __I$use$fp
    printfa.o(i.__0vsnprintf) refers to printfa.o(i._printf_core) for _printf_core
    printfa.o(i.__0vsnprintf) refers to printfa.o(i._snputc) for _snputc
    printfa.o(i.__0vsprintf) refers (Special) to iusefp.o(.text) for __I$use$fp
    printfa.o(i.__0vsprintf) refers to printfa.o(i._printf_core) for _printf_core
    printfa.o(i.__0vsprintf) refers to printfa.o(i._sputc) for _sputc
    printfa.o(i._fp_digits) refers (Special) to iusefp.o(.text) for __I$use$fp
    printfa.o(i._fp_digits) refers to dmul.o(.text) for __aeabi_dmul
    printfa.o(i._fp_digits) refers to ddiv.o(.text) for __aeabi_ddiv
    printfa.o(i._fp_digits) refers to cdrcmple.o(.text) for __aeabi_cdrcmple
    printfa.o(i._fp_digits) refers to dadd.o(.text) for __aeabi_dadd
    printfa.o(i._fp_digits) refers to dfixul.o(.text) for __aeabi_d2ulz
    printfa.o(i._fp_digits) refers to uldiv.o(.text) for __aeabi_uldivmod
    printfa.o(i._printf_core) refers (Special) to iusefp.o(.text) for __I$use$fp
    printfa.o(i._printf_core) refers to printfa.o(i._printf_pre_padding) for _printf_pre_padding
    printfa.o(i._printf_core) refers to uldiv.o(.text) for __aeabi_uldivmod
    printfa.o(i._printf_core) refers to printfa.o(i._printf_post_padding) for _printf_post_padding
    printfa.o(i._printf_core) refers to printfa.o(i._fp_digits) for _fp_digits
    printfa.o(i._printf_core) refers to uidiv.o(.text) for __aeabi_uidivmod
    printfa.o(i._printf_post_padding) refers (Special) to iusefp.o(.text) for __I$use$fp
    printfa.o(i._printf_pre_padding) refers (Special) to iusefp.o(.text) for __I$use$fp
    printfa.o(i._snputc) refers (Special) to iusefp.o(.text) for __I$use$fp
    printfa.o(i._sputc) refers (Special) to iusefp.o(.text) for __I$use$fp
    entry2.o(.ARM.Collect$$$$00000001) refers to entry2.o(.ARM.Collect$$$$00002712) for __lit__00000000
    entry2.o(.ARM.Collect$$$$00002712) refers to startup_gd32f30x_xd.o(STACK) for __initial_sp
    entry2.o(__vectab_stack_and_reset_area) refers to startup_gd32f30x_xd.o(STACK) for __initial_sp
    entry2.o(__vectab_stack_and_reset_area) refers to entry.o(.ARM.Collect$$$$00000000) for __main
    entry5.o(.ARM.Collect$$$$00000004) refers to init.o(.text) for __scatterload
    entry9a.o(.ARM.Collect$$$$0000000B) refers to main.o(.text.main) for main
    entry9b.o(.ARM.Collect$$$$0000000C) refers to main.o(.text.main) for main
    uldiv.o(.text) refers to llushr.o(.text) for __aeabi_llsr
    uldiv.o(.text) refers to llshl.o(.text) for __aeabi_llsl
    dadd.o(.text) refers (Special) to iusefp.o(.text) for __I$use$fp
    dadd.o(.text) refers to llshl.o(.text) for __aeabi_llsl
    dadd.o(.text) refers to llsshr.o(.text) for __aeabi_lasr
    dadd.o(.text) refers to depilogue.o(.text) for _double_epilogue
    dmul.o(.text) refers (Special) to iusefp.o(.text) for __I$use$fp
    dmul.o(.text) refers to depilogue.o(.text) for _double_epilogue
    ddiv.o(.text) refers (Special) to iusefp.o(.text) for __I$use$fp
    ddiv.o(.text) refers to depilogue.o(.text) for _double_round
    dfixul.o(.text) refers (Special) to iusefp.o(.text) for __I$use$fp
    dfixul.o(.text) refers to llushr.o(.text) for __aeabi_llsr
    dfixul.o(.text) refers to llshl.o(.text) for __aeabi_llsl
    cdrcmple.o(.text) refers (Special) to iusefp.o(.text) for __I$use$fp
    init.o(.text) refers to entry5.o(.ARM.Collect$$$$00000004) for __main_after_scatterload
    depilogue.o(.text) refers (Special) to iusefp.o(.text) for __I$use$fp
    depilogue.o(.text) refers to llshl.o(.text) for __aeabi_llsl
    depilogue.o(.text) refers to llushr.o(.text) for __aeabi_llsr


==============================================================================

Removing Unused input sections from the image.

    Removing startup_gd32f30x_xd.o(HEAP), (1024 bytes).
    Removing system_gd32f30x.o(.text), (0 bytes).
    Removing system_gd32f30x.o(.ARM.exidx.text.SystemInit), (8 bytes).
    Removing system_gd32f30x.o(.text.SystemCoreClockUpdate), (188 bytes).
    Removing system_gd32f30x.o(.ARM.exidx.text.SystemCoreClockUpdate), (8 bytes).
    Removing system_gd32f30x.o(.data.SystemCoreClock), (4 bytes).
    Removing gd32f30x_gpio.o(.text), (0 bytes).
    Removing gd32f30x_gpio.o(.text.gpio_deinit), (44 bytes).
    Removing gd32f30x_gpio.o(.ARM.exidx.text.gpio_deinit), (8 bytes).
    Removing gd32f30x_gpio.o(.text.gpio_afio_deinit), (20 bytes).
    Removing gd32f30x_gpio.o(.ARM.exidx.text.gpio_afio_deinit), (8 bytes).
    Removing gd32f30x_gpio.o(.ARM.exidx.text.gpio_init), (8 bytes).
    Removing gd32f30x_gpio.o(.ARM.exidx.text.gpio_bit_set), (8 bytes).
    Removing gd32f30x_gpio.o(.ARM.exidx.text.gpio_bit_reset), (8 bytes).
    Removing gd32f30x_gpio.o(.text.gpio_bit_write), (12 bytes).
    Removing gd32f30x_gpio.o(.ARM.exidx.text.gpio_bit_write), (8 bytes).
    Removing gd32f30x_gpio.o(.text.gpio_port_write), (4 bytes).
    Removing gd32f30x_gpio.o(.ARM.exidx.text.gpio_port_write), (8 bytes).
    Removing gd32f30x_gpio.o(.text.gpio_input_bit_get), (10 bytes).
    Removing gd32f30x_gpio.o(.ARM.exidx.text.gpio_input_bit_get), (8 bytes).
    Removing gd32f30x_gpio.o(.text.gpio_input_port_get), (6 bytes).
    Removing gd32f30x_gpio.o(.ARM.exidx.text.gpio_input_port_get), (8 bytes).
    Removing gd32f30x_gpio.o(.text.gpio_output_bit_get), (10 bytes).
    Removing gd32f30x_gpio.o(.ARM.exidx.text.gpio_output_bit_get), (8 bytes).
    Removing gd32f30x_gpio.o(.text.gpio_output_port_get), (6 bytes).
    Removing gd32f30x_gpio.o(.ARM.exidx.text.gpio_output_port_get), (8 bytes).
    Removing gd32f30x_gpio.o(.text.gpio_pin_remap_config), (122 bytes).
    Removing gd32f30x_gpio.o(.ARM.exidx.text.gpio_pin_remap_config), (8 bytes).
    Removing gd32f30x_gpio.o(.text.gpio_exti_source_select), (132 bytes).
    Removing gd32f30x_gpio.o(.ARM.exidx.text.gpio_exti_source_select), (8 bytes).
    Removing gd32f30x_gpio.o(.text.gpio_event_output_config), (22 bytes).
    Removing gd32f30x_gpio.o(.ARM.exidx.text.gpio_event_output_config), (8 bytes).
    Removing gd32f30x_gpio.o(.text.gpio_event_output_enable), (16 bytes).
    Removing gd32f30x_gpio.o(.ARM.exidx.text.gpio_event_output_enable), (8 bytes).
    Removing gd32f30x_gpio.o(.text.gpio_event_output_disable), (16 bytes).
    Removing gd32f30x_gpio.o(.ARM.exidx.text.gpio_event_output_disable), (8 bytes).
    Removing gd32f30x_gpio.o(.text.gpio_pin_lock), (16 bytes).
    Removing gd32f30x_gpio.o(.ARM.exidx.text.gpio_pin_lock), (8 bytes).
    Removing gd32f30x_gpio.o(.text.gpio_compensation_config), (18 bytes).
    Removing gd32f30x_gpio.o(.ARM.exidx.text.gpio_compensation_config), (8 bytes).
    Removing gd32f30x_gpio.o(.text.gpio_compensation_flag_get), (14 bytes).
    Removing gd32f30x_gpio.o(.ARM.exidx.text.gpio_compensation_flag_get), (8 bytes).
    Removing gd32f30x_misc.o(.text), (0 bytes).
    Removing gd32f30x_misc.o(.text.nvic_priority_group_set), (20 bytes).
    Removing gd32f30x_misc.o(.ARM.exidx.text.nvic_priority_group_set), (8 bytes).
    Removing gd32f30x_misc.o(.ARM.exidx.text.nvic_irq_enable), (8 bytes).
    Removing gd32f30x_misc.o(.text.nvic_irq_disable), (30 bytes).
    Removing gd32f30x_misc.o(.ARM.exidx.text.nvic_irq_disable), (8 bytes).
    Removing gd32f30x_misc.o(.text.nvic_vector_table_set), (24 bytes).
    Removing gd32f30x_misc.o(.ARM.exidx.text.nvic_vector_table_set), (8 bytes).
    Removing gd32f30x_misc.o(.text.system_lowpower_set), (16 bytes).
    Removing gd32f30x_misc.o(.ARM.exidx.text.system_lowpower_set), (8 bytes).
    Removing gd32f30x_misc.o(.text.system_lowpower_reset), (18 bytes).
    Removing gd32f30x_misc.o(.ARM.exidx.text.system_lowpower_reset), (8 bytes).
    Removing gd32f30x_misc.o(.text.systick_clksource_set), (24 bytes).
    Removing gd32f30x_misc.o(.ARM.exidx.text.systick_clksource_set), (8 bytes).
    Removing gd32f30x_usart.o(.text), (0 bytes).
    Removing gd32f30x_usart.o(.ARM.exidx.text.usart_deinit), (8 bytes).
    Removing gd32f30x_usart.o(.ARM.exidx.text.usart_baudrate_set), (8 bytes).
    Removing gd32f30x_usart.o(.text.usart_parity_config), (16 bytes).
    Removing gd32f30x_usart.o(.ARM.exidx.text.usart_parity_config), (8 bytes).
    Removing gd32f30x_usart.o(.text.usart_word_length_set), (16 bytes).
    Removing gd32f30x_usart.o(.ARM.exidx.text.usart_word_length_set), (8 bytes).
    Removing gd32f30x_usart.o(.text.usart_stop_bit_set), (16 bytes).
    Removing gd32f30x_usart.o(.ARM.exidx.text.usart_stop_bit_set), (8 bytes).
    Removing gd32f30x_usart.o(.ARM.exidx.text.usart_enable), (8 bytes).
    Removing gd32f30x_usart.o(.text.usart_disable), (10 bytes).
    Removing gd32f30x_usart.o(.ARM.exidx.text.usart_disable), (8 bytes).
    Removing gd32f30x_usart.o(.ARM.exidx.text.usart_transmit_config), (8 bytes).
    Removing gd32f30x_usart.o(.ARM.exidx.text.usart_receive_config), (8 bytes).
    Removing gd32f30x_usart.o(.text.usart_data_first_config), (24 bytes).
    Removing gd32f30x_usart.o(.ARM.exidx.text.usart_data_first_config), (8 bytes).
    Removing gd32f30x_usart.o(.text.usart_invert_config), (100 bytes).
    Removing gd32f30x_usart.o(.ARM.exidx.text.usart_invert_config), (8 bytes).
    Removing gd32f30x_usart.o(.text.usart_receiver_timeout_enable), (14 bytes).
    Removing gd32f30x_usart.o(.ARM.exidx.text.usart_receiver_timeout_enable), (8 bytes).
    Removing gd32f30x_usart.o(.text.usart_receiver_timeout_disable), (14 bytes).
    Removing gd32f30x_usart.o(.ARM.exidx.text.usart_receiver_timeout_disable), (8 bytes).
    Removing gd32f30x_usart.o(.text.usart_receiver_timeout_threshold_config), (24 bytes).
    Removing gd32f30x_usart.o(.ARM.exidx.text.usart_receiver_timeout_threshold_config), (8 bytes).
    Removing gd32f30x_usart.o(.ARM.exidx.text.usart_data_transmit), (8 bytes).
    Removing gd32f30x_usart.o(.text.usart_flag_get), (16 bytes).
    Removing gd32f30x_usart.o(.ARM.exidx.text.usart_flag_get), (8 bytes).
    Removing gd32f30x_usart.o(.ARM.exidx.text.usart_data_receive), (8 bytes).
    Removing gd32f30x_usart.o(.text.usart_address_config), (20 bytes).
    Removing gd32f30x_usart.o(.ARM.exidx.text.usart_address_config), (8 bytes).
    Removing gd32f30x_usart.o(.text.usart_mute_mode_enable), (10 bytes).
    Removing gd32f30x_usart.o(.ARM.exidx.text.usart_mute_mode_enable), (8 bytes).
    Removing gd32f30x_usart.o(.text.usart_mute_mode_disable), (10 bytes).
    Removing gd32f30x_usart.o(.ARM.exidx.text.usart_mute_mode_disable), (8 bytes).
    Removing gd32f30x_usart.o(.text.usart_mute_mode_wakeup_config), (16 bytes).
    Removing gd32f30x_usart.o(.ARM.exidx.text.usart_mute_mode_wakeup_config), (8 bytes).
    Removing gd32f30x_usart.o(.text.usart_lin_mode_enable), (10 bytes).
    Removing gd32f30x_usart.o(.ARM.exidx.text.usart_lin_mode_enable), (8 bytes).
    Removing gd32f30x_usart.o(.text.usart_lin_mode_disable), (10 bytes).
    Removing gd32f30x_usart.o(.ARM.exidx.text.usart_lin_mode_disable), (8 bytes).
    Removing gd32f30x_usart.o(.text.usart_lin_break_detection_length_config), (20 bytes).
    Removing gd32f30x_usart.o(.ARM.exidx.text.usart_lin_break_detection_length_config), (8 bytes).
    Removing gd32f30x_usart.o(.text.usart_send_break), (10 bytes).
    Removing gd32f30x_usart.o(.ARM.exidx.text.usart_send_break), (8 bytes).
    Removing gd32f30x_usart.o(.text.usart_halfduplex_enable), (10 bytes).
    Removing gd32f30x_usart.o(.ARM.exidx.text.usart_halfduplex_enable), (8 bytes).
    Removing gd32f30x_usart.o(.text.usart_halfduplex_disable), (10 bytes).
    Removing gd32f30x_usart.o(.ARM.exidx.text.usart_halfduplex_disable), (8 bytes).
    Removing gd32f30x_usart.o(.text.usart_synchronous_clock_enable), (10 bytes).
    Removing gd32f30x_usart.o(.ARM.exidx.text.usart_synchronous_clock_enable), (8 bytes).
    Removing gd32f30x_usart.o(.text.usart_synchronous_clock_disable), (10 bytes).
    Removing gd32f30x_usart.o(.ARM.exidx.text.usart_synchronous_clock_disable), (8 bytes).
    Removing gd32f30x_usart.o(.text.usart_synchronous_clock_config), (30 bytes).
    Removing gd32f30x_usart.o(.ARM.exidx.text.usart_synchronous_clock_config), (8 bytes).
    Removing gd32f30x_usart.o(.text.usart_guard_time_config), (20 bytes).
    Removing gd32f30x_usart.o(.ARM.exidx.text.usart_guard_time_config), (8 bytes).
    Removing gd32f30x_usart.o(.text.usart_smartcard_mode_enable), (10 bytes).
    Removing gd32f30x_usart.o(.ARM.exidx.text.usart_smartcard_mode_enable), (8 bytes).
    Removing gd32f30x_usart.o(.text.usart_smartcard_mode_disable), (10 bytes).
    Removing gd32f30x_usart.o(.ARM.exidx.text.usart_smartcard_mode_disable), (8 bytes).
    Removing gd32f30x_usart.o(.text.usart_smartcard_mode_nack_enable), (10 bytes).
    Removing gd32f30x_usart.o(.ARM.exidx.text.usart_smartcard_mode_nack_enable), (8 bytes).
    Removing gd32f30x_usart.o(.text.usart_smartcard_mode_nack_disable), (10 bytes).
    Removing gd32f30x_usart.o(.ARM.exidx.text.usart_smartcard_mode_nack_disable), (8 bytes).
    Removing gd32f30x_usart.o(.text.usart_smartcard_autoretry_config), (30 bytes).
    Removing gd32f30x_usart.o(.ARM.exidx.text.usart_smartcard_autoretry_config), (8 bytes).
    Removing gd32f30x_usart.o(.text.usart_block_length_config), (26 bytes).
    Removing gd32f30x_usart.o(.ARM.exidx.text.usart_block_length_config), (8 bytes).
    Removing gd32f30x_usart.o(.text.usart_irda_mode_enable), (10 bytes).
    Removing gd32f30x_usart.o(.ARM.exidx.text.usart_irda_mode_enable), (8 bytes).
    Removing gd32f30x_usart.o(.text.usart_irda_mode_disable), (10 bytes).
    Removing gd32f30x_usart.o(.ARM.exidx.text.usart_irda_mode_disable), (8 bytes).
    Removing gd32f30x_usart.o(.text.usart_prescaler_config), (16 bytes).
    Removing gd32f30x_usart.o(.ARM.exidx.text.usart_prescaler_config), (8 bytes).
    Removing gd32f30x_usart.o(.text.usart_irda_lowpower_config), (20 bytes).
    Removing gd32f30x_usart.o(.ARM.exidx.text.usart_irda_lowpower_config), (8 bytes).
    Removing gd32f30x_usart.o(.text.usart_hardware_flow_rts_config), (12 bytes).
    Removing gd32f30x_usart.o(.ARM.exidx.text.usart_hardware_flow_rts_config), (8 bytes).
    Removing gd32f30x_usart.o(.text.usart_hardware_flow_cts_config), (12 bytes).
    Removing gd32f30x_usart.o(.ARM.exidx.text.usart_hardware_flow_cts_config), (8 bytes).
    Removing gd32f30x_usart.o(.text.usart_dma_receive_config), (12 bytes).
    Removing gd32f30x_usart.o(.ARM.exidx.text.usart_dma_receive_config), (8 bytes).
    Removing gd32f30x_usart.o(.text.usart_dma_transmit_config), (12 bytes).
    Removing gd32f30x_usart.o(.ARM.exidx.text.usart_dma_transmit_config), (8 bytes).
    Removing gd32f30x_usart.o(.text.usart_flag_clear), (24 bytes).
    Removing gd32f30x_usart.o(.ARM.exidx.text.usart_flag_clear), (8 bytes).
    Removing gd32f30x_usart.o(.ARM.exidx.text.usart_interrupt_enable), (8 bytes).
    Removing gd32f30x_usart.o(.text.usart_interrupt_disable), (24 bytes).
    Removing gd32f30x_usart.o(.ARM.exidx.text.usart_interrupt_disable), (8 bytes).
    Removing gd32f30x_usart.o(.ARM.exidx.text.usart_interrupt_flag_get), (8 bytes).
    Removing gd32f30x_usart.o(.text.usart_interrupt_flag_clear), (24 bytes).
    Removing gd32f30x_usart.o(.ARM.exidx.text.usart_interrupt_flag_clear), (8 bytes).
    Removing gd32f30x_rcu.o(.text), (0 bytes).
    Removing gd32f30x_rcu.o(.text.rcu_deinit), (118 bytes).
    Removing gd32f30x_rcu.o(.ARM.exidx.text.rcu_deinit), (8 bytes).
    Removing gd32f30x_rcu.o(.text.rcu_osci_stab_wait), (324 bytes).
    Removing gd32f30x_rcu.o(.ARM.exidx.text.rcu_osci_stab_wait), (8 bytes).
    Removing gd32f30x_rcu.o(.ARM.exidx.text.rcu_periph_clock_enable), (8 bytes).
    Removing gd32f30x_rcu.o(.text.rcu_periph_clock_disable), (32 bytes).
    Removing gd32f30x_rcu.o(.ARM.exidx.text.rcu_periph_clock_disable), (8 bytes).
    Removing gd32f30x_rcu.o(.text.rcu_periph_clock_sleep_enable), (30 bytes).
    Removing gd32f30x_rcu.o(.ARM.exidx.text.rcu_periph_clock_sleep_enable), (8 bytes).
    Removing gd32f30x_rcu.o(.text.rcu_periph_clock_sleep_disable), (32 bytes).
    Removing gd32f30x_rcu.o(.ARM.exidx.text.rcu_periph_clock_sleep_disable), (8 bytes).
    Removing gd32f30x_rcu.o(.ARM.exidx.text.rcu_periph_reset_enable), (8 bytes).
    Removing gd32f30x_rcu.o(.ARM.exidx.text.rcu_periph_reset_disable), (8 bytes).
    Removing gd32f30x_rcu.o(.text.rcu_bkp_reset_enable), (18 bytes).
    Removing gd32f30x_rcu.o(.ARM.exidx.text.rcu_bkp_reset_enable), (8 bytes).
    Removing gd32f30x_rcu.o(.text.rcu_bkp_reset_disable), (18 bytes).
    Removing gd32f30x_rcu.o(.ARM.exidx.text.rcu_bkp_reset_disable), (8 bytes).
    Removing gd32f30x_rcu.o(.text.rcu_system_clock_source_config), (20 bytes).
    Removing gd32f30x_rcu.o(.ARM.exidx.text.rcu_system_clock_source_config), (8 bytes).
    Removing gd32f30x_rcu.o(.text.rcu_system_clock_source_get), (16 bytes).
    Removing gd32f30x_rcu.o(.ARM.exidx.text.rcu_system_clock_source_get), (8 bytes).
    Removing gd32f30x_rcu.o(.text.rcu_ahb_clock_config), (20 bytes).
    Removing gd32f30x_rcu.o(.ARM.exidx.text.rcu_ahb_clock_config), (8 bytes).
    Removing gd32f30x_rcu.o(.text.rcu_apb1_clock_config), (20 bytes).
    Removing gd32f30x_rcu.o(.ARM.exidx.text.rcu_apb1_clock_config), (8 bytes).
    Removing gd32f30x_rcu.o(.text.rcu_apb2_clock_config), (20 bytes).
    Removing gd32f30x_rcu.o(.ARM.exidx.text.rcu_apb2_clock_config), (8 bytes).
    Removing gd32f30x_rcu.o(.text.rcu_ckout0_config), (20 bytes).
    Removing gd32f30x_rcu.o(.ARM.exidx.text.rcu_ckout0_config), (8 bytes).
    Removing gd32f30x_rcu.o(.text.rcu_pll_config), (32 bytes).
    Removing gd32f30x_rcu.o(.ARM.exidx.text.rcu_pll_config), (8 bytes).
    Removing gd32f30x_rcu.o(.text.rcu_pllpresel_config), (20 bytes).
    Removing gd32f30x_rcu.o(.ARM.exidx.text.rcu_pllpresel_config), (8 bytes).
    Removing gd32f30x_rcu.o(.text.rcu_predv0_config), (26 bytes).
    Removing gd32f30x_rcu.o(.ARM.exidx.text.rcu_predv0_config), (8 bytes).
    Removing gd32f30x_rcu.o(.text.rcu_adc_clock_config), (114 bytes).
    Removing gd32f30x_rcu.o(.ARM.exidx.text.rcu_adc_clock_config), (8 bytes).
    Removing gd32f30x_rcu.o(.text.rcu_usb_clock_config), (20 bytes).
    Removing gd32f30x_rcu.o(.ARM.exidx.text.rcu_usb_clock_config), (8 bytes).
    Removing gd32f30x_rcu.o(.text.rcu_rtc_clock_config), (20 bytes).
    Removing gd32f30x_rcu.o(.ARM.exidx.text.rcu_rtc_clock_config), (8 bytes).
    Removing gd32f30x_rcu.o(.text.rcu_ck48m_clock_config), (20 bytes).
    Removing gd32f30x_rcu.o(.ARM.exidx.text.rcu_ck48m_clock_config), (8 bytes).
    Removing gd32f30x_rcu.o(.text.rcu_flag_get), (26 bytes).
    Removing gd32f30x_rcu.o(.ARM.exidx.text.rcu_flag_get), (8 bytes).
    Removing gd32f30x_rcu.o(.text.rcu_all_reset_flag_clear), (18 bytes).
    Removing gd32f30x_rcu.o(.ARM.exidx.text.rcu_all_reset_flag_clear), (8 bytes).
    Removing gd32f30x_rcu.o(.text.rcu_interrupt_flag_get), (26 bytes).
    Removing gd32f30x_rcu.o(.ARM.exidx.text.rcu_interrupt_flag_get), (8 bytes).
    Removing gd32f30x_rcu.o(.text.rcu_interrupt_flag_clear), (30 bytes).
    Removing gd32f30x_rcu.o(.ARM.exidx.text.rcu_interrupt_flag_clear), (8 bytes).
    Removing gd32f30x_rcu.o(.text.rcu_interrupt_enable), (30 bytes).
    Removing gd32f30x_rcu.o(.ARM.exidx.text.rcu_interrupt_enable), (8 bytes).
    Removing gd32f30x_rcu.o(.text.rcu_interrupt_disable), (32 bytes).
    Removing gd32f30x_rcu.o(.ARM.exidx.text.rcu_interrupt_disable), (8 bytes).
    Removing gd32f30x_rcu.o(.text.rcu_lxtal_drive_capability_config), (20 bytes).
    Removing gd32f30x_rcu.o(.ARM.exidx.text.rcu_lxtal_drive_capability_config), (8 bytes).
    Removing gd32f30x_rcu.o(.text.rcu_osci_on), (30 bytes).
    Removing gd32f30x_rcu.o(.ARM.exidx.text.rcu_osci_on), (8 bytes).
    Removing gd32f30x_rcu.o(.text.rcu_osci_off), (32 bytes).
    Removing gd32f30x_rcu.o(.ARM.exidx.text.rcu_osci_off), (8 bytes).
    Removing gd32f30x_rcu.o(.text.rcu_osci_bypass_mode_enable), (64 bytes).
    Removing gd32f30x_rcu.o(.ARM.exidx.text.rcu_osci_bypass_mode_enable), (8 bytes).
    Removing gd32f30x_rcu.o(.text.rcu_osci_bypass_mode_disable), (64 bytes).
    Removing gd32f30x_rcu.o(.ARM.exidx.text.rcu_osci_bypass_mode_disable), (8 bytes).
    Removing gd32f30x_rcu.o(.text.rcu_hxtal_clock_monitor_enable), (18 bytes).
    Removing gd32f30x_rcu.o(.ARM.exidx.text.rcu_hxtal_clock_monitor_enable), (8 bytes).
    Removing gd32f30x_rcu.o(.text.rcu_hxtal_clock_monitor_disable), (18 bytes).
    Removing gd32f30x_rcu.o(.ARM.exidx.text.rcu_hxtal_clock_monitor_disable), (8 bytes).
    Removing gd32f30x_rcu.o(.text.rcu_irc8m_adjust_value_set), (18 bytes).
    Removing gd32f30x_rcu.o(.ARM.exidx.text.rcu_irc8m_adjust_value_set), (8 bytes).
    Removing gd32f30x_rcu.o(.text.rcu_deepsleep_voltage_set), (16 bytes).
    Removing gd32f30x_rcu.o(.ARM.exidx.text.rcu_deepsleep_voltage_set), (8 bytes).
    Removing gd32f30x_rcu.o(.ARM.exidx.text.rcu_clock_freq_get), (8 bytes).
    Removing gd32f30x_it.o(.text), (0 bytes).
    Removing gd32f30x_it.o(.ARM.exidx.text.NMI_Handler), (8 bytes).
    Removing gd32f30x_it.o(.ARM.exidx.text.HardFault_Handler), (8 bytes).
    Removing gd32f30x_it.o(.ARM.exidx.text.MemManage_Handler), (8 bytes).
    Removing gd32f30x_it.o(.ARM.exidx.text.BusFault_Handler), (8 bytes).
    Removing gd32f30x_it.o(.ARM.exidx.text.UsageFault_Handler), (8 bytes).
    Removing gd32f30x_it.o(.ARM.exidx.text.SVC_Handler), (8 bytes).
    Removing gd32f30x_it.o(.ARM.exidx.text.DebugMon_Handler), (8 bytes).
    Removing gd32f30x_it.o(.ARM.exidx.text.PendSV_Handler), (8 bytes).
    Removing gd32f30x_it.o(.ARM.exidx.text.SysTick_Handler), (8 bytes).
    Removing gd32f30x_it.o(.ARM.exidx.text.USART0_IRQHandler), (8 bytes).
    Removing gd32f30x_it.o(.ARM.exidx.text.USART1_IRQHandler), (8 bytes).
    Removing usart.o(.text), (0 bytes).
    Removing usart.o(.ARM.exidx.text.uart0_init), (8 bytes).
    Removing usart.o(.text.fputc), (22 bytes).
    Removing usart.o(.ARM.exidx.text.fputc), (8 bytes).
    Removing usart.o(.ARM.exidx.text.uart1_init), (8 bytes).
    Removing usart.o(.ARM.exidx.text.uart1_send_string), (8 bytes).
    Removing usart.o(.ARM.exidx.text.uart_init), (8 bytes).
    Removing main.o(.text), (0 bytes).
    Removing main.o(.text.delay), (34 bytes).
    Removing main.o(.ARM.exidx.text.delay), (8 bytes).
    Removing main.o(.text.uart1_send_buffer), (38 bytes).
    Removing main.o(.ARM.exidx.text.uart1_send_buffer), (8 bytes).
    Removing main.o(.text.uart0_send_string), (34 bytes).
    Removing main.o(.ARM.exidx.text.uart0_send_string), (8 bytes).
    Removing main.o(.ARM.exidx.text.uart0_handle), (8 bytes).
    Removing main.o(.ARM.exidx.text.uart1_handle), (8 bytes).
    Removing main.o(.text.send_data_server), (72 bytes).
    Removing main.o(.ARM.exidx.text.send_data_server), (8 bytes).
    Removing main.o(.text.prepare_data_server), (152 bytes).
    Removing main.o(.ARM.exidx.text.prepare_data_server), (8 bytes).
    Removing main.o(.ARM.exidx.text.extract_data), (8 bytes).
    Removing main.o(.text.print_data_meterbuf), (56 bytes).
    Removing main.o(.ARM.exidx.text.print_data_meterbuf), (8 bytes).
    Removing main.o(.text.send_to_meter), (56 bytes).
    Removing main.o(.ARM.exidx.text.send_to_meter), (8 bytes).
    Removing main.o(.text.hex2int), (50 bytes).
    Removing main.o(.ARM.exidx.text.hex2int), (8 bytes).
    Removing main.o(.ARM.exidx.text.convert_data_meter), (8 bytes).
    Removing main.o(.text.copy_uart1_to_meter), (116 bytes).
    Removing main.o(.ARM.exidx.text.copy_uart1_to_meter), (8 bytes).
    Removing main.o(.text.mcu_version), (2 bytes).
    Removing main.o(.ARM.exidx.text.mcu_version), (8 bytes).
    Removing main.o(.text.wdt_on), (46 bytes).
    Removing main.o(.ARM.exidx.text.wdt_on), (8 bytes).
    Removing main.o(.text.L716_reset), (44 bytes).
    Removing main.o(.ARM.exidx.text.L716_reset), (8 bytes).
    Removing main.o(.text.led_init), (54 bytes).
    Removing main.o(.ARM.exidx.text.led_init), (8 bytes).
    Removing main.o(.text.led_on), (22 bytes).
    Removing main.o(.ARM.exidx.text.led_on), (8 bytes).
    Removing main.o(.text.led_off), (22 bytes).
    Removing main.o(.ARM.exidx.text.led_off), (8 bytes).
    Removing main.o(.ARM.exidx.text.main), (8 bytes).
    Removing main.o(.rodata.odm_cmds), (108 bytes).
    Removing main.o(.ARM.use_no_argv), (4 bytes).
    Removing dadd.o(.text), (334 bytes).
    Removing dmul.o(.text), (228 bytes).
    Removing ddiv.o(.text), (222 bytes).
    Removing dfixul.o(.text), (48 bytes).
    Removing cdrcmple.o(.text), (48 bytes).
    Removing depilogue.o(.text), (186 bytes).

286 unused section(s) (total 7138 bytes) removed from the image.

==============================================================================

Image Symbol Table

    Local Symbols

    Symbol Name                              Value     Ov Type        Size  Object(Section)

    ../clib/division.s                       0x00000000   Number         0  aeabi_sdiv.o ABSOLUTE
    ../clib/microlib/division.c              0x00000000   Number         0  uidiv.o ABSOLUTE
    ../clib/microlib/division.c              0x00000000   Number         0  uldiv.o ABSOLUTE
    ../clib/microlib/init/entry.s            0x00000000   Number         0  entry.o ABSOLUTE
    ../clib/microlib/init/entry.s            0x00000000   Number         0  entry2.o ABSOLUTE
    ../clib/microlib/init/entry.s            0x00000000   Number         0  entry5.o ABSOLUTE
    ../clib/microlib/init/entry.s            0x00000000   Number         0  entry7a.o ABSOLUTE
    ../clib/microlib/init/entry.s            0x00000000   Number         0  entry7b.o ABSOLUTE
    ../clib/microlib/init/entry.s            0x00000000   Number         0  entry8a.o ABSOLUTE
    ../clib/microlib/init/entry.s            0x00000000   Number         0  entry8b.o ABSOLUTE
    ../clib/microlib/init/entry.s            0x00000000   Number         0  entry9a.o ABSOLUTE
    ../clib/microlib/init/entry.s            0x00000000   Number         0  entry9b.o ABSOLUTE
    ../clib/microlib/init/entry.s            0x00000000   Number         0  entry10a.o ABSOLUTE
    ../clib/microlib/init/entry.s            0x00000000   Number         0  entry10b.o ABSOLUTE
    ../clib/microlib/init/entry.s            0x00000000   Number         0  entry11a.o ABSOLUTE
    ../clib/microlib/init/entry.s            0x00000000   Number         0  entry11b.o ABSOLUTE
    ../clib/microlib/longlong.c              0x00000000   Number         0  llshl.o ABSOLUTE
    ../clib/microlib/longlong.c              0x00000000   Number         0  llushr.o ABSOLUTE
    ../clib/microlib/longlong.c              0x00000000   Number         0  llsshr.o ABSOLUTE
    ../clib/microlib/printf/printf.c         0x00000000   Number         0  printfb.o ABSOLUTE
    ../clib/microlib/printf/printf.c         0x00000000   Number         0  printf0.o ABSOLUTE
    ../clib/microlib/printf/printf.c         0x00000000   Number         0  printf1.o ABSOLUTE
    ../clib/microlib/printf/printf.c         0x00000000   Number         0  printf2.o ABSOLUTE
    ../clib/microlib/printf/printf.c         0x00000000   Number         0  printf3.o ABSOLUTE
    ../clib/microlib/printf/printf.c         0x00000000   Number         0  printf4.o ABSOLUTE
    ../clib/microlib/printf/printf.c         0x00000000   Number         0  printf5.o ABSOLUTE
    ../clib/microlib/printf/printf.c         0x00000000   Number         0  printf6.o ABSOLUTE
    ../clib/microlib/printf/printf.c         0x00000000   Number         0  printf7.o ABSOLUTE
    ../clib/microlib/printf/printf.c         0x00000000   Number         0  printf8.o ABSOLUTE
    ../clib/microlib/printf/printf.c         0x00000000   Number         0  printfa.o ABSOLUTE
    ../clib/microlib/printf/stubs.s          0x00000000   Number         0  printfstubs.o ABSOLUTE
    ../clib/microlib/stdio/streams.c         0x00000000   Number         0  stdout.o ABSOLUTE
    ../clib/microlib/string/memcpy.c         0x00000000   Number         0  memcpya.o ABSOLUTE
    ../clib/microlib/string/memcpy.c         0x00000000   Number         0  memcpyb.o ABSOLUTE
    ../clib/microlib/string/memset.c         0x00000000   Number         0  memseta.o ABSOLUTE
    ../clib/microlib/stubs.s                 0x00000000   Number         0  iusefp.o ABSOLUTE
    ../fplib/microlib/fpadd.c                0x00000000   Number         0  dadd.o ABSOLUTE
    ../fplib/microlib/fpdiv.c                0x00000000   Number         0  ddiv.o ABSOLUTE
    ../fplib/microlib/fpepilogue.c           0x00000000   Number         0  depilogue.o ABSOLUTE
    ../fplib/microlib/fpfix.c                0x00000000   Number         0  dfixul.o ABSOLUTE
    ../fplib/microlib/fpmul.c                0x00000000   Number         0  dmul.o ABSOLUTE
    cdrcmple.s                               0x00000000   Number         0  cdrcmple.o ABSOLUTE
    dc.s                                     0x00000000   Number         0  dc.o ABSOLUTE
    gd32f30x_gpio.c                          0x00000000   Number         0  gd32f30x_gpio.o ABSOLUTE
    gd32f30x_it.c                            0x00000000   Number         0  gd32f30x_it.o ABSOLUTE
    gd32f30x_misc.c                          0x00000000   Number         0  gd32f30x_misc.o ABSOLUTE
    gd32f30x_rcu.c                           0x00000000   Number         0  gd32f30x_rcu.o ABSOLUTE
    gd32f30x_usart.c                         0x00000000   Number         0  gd32f30x_usart.o ABSOLUTE
    handlers.s                               0x00000000   Number         0  handlers.o ABSOLUTE
    init.s                                   0x00000000   Number         0  init.o ABSOLUTE
    lib\CMSIS\GD\GD32F30x\Source\ARM\startup_gd32f30x_xd.s 0x00000000   Number         0  startup_gd32f30x_xd.o ABSOLUTE
    main.c                                   0x00000000   Number         0  main.o ABSOLUTE
    system_gd32f30x.c                        0x00000000   Number         0  system_gd32f30x.o ABSOLUTE
    usart.c                                  0x00000000   Number         0  usart.o ABSOLUTE
    RESET                                    0x08000000   Section      304  startup_gd32f30x_xd.o(RESET)
    .ARM.Collect$$$$00000000                 0x08000130   Section        0  entry.o(.ARM.Collect$$$$00000000)
    .ARM.Collect$$$$00000001                 0x08000130   Section        4  entry2.o(.ARM.Collect$$$$00000001)
    .ARM.Collect$$$$00000004                 0x08000134   Section        4  entry5.o(.ARM.Collect$$$$00000004)
    .ARM.Collect$$$$00000008                 0x08000138   Section        0  entry7b.o(.ARM.Collect$$$$00000008)
    .ARM.Collect$$$$0000000A                 0x08000138   Section        0  entry8b.o(.ARM.Collect$$$$0000000A)
    .ARM.Collect$$$$0000000B                 0x08000138   Section        8  entry9a.o(.ARM.Collect$$$$0000000B)
    __lit__00000000                          0x08000140   Data           4  entry2.o(.ARM.Collect$$$$00002712)
    .ARM.Collect$$$$0000000D                 0x08000140   Section        0  entry10a.o(.ARM.Collect$$$$0000000D)
    .ARM.Collect$$$$0000000F                 0x08000140   Section        0  entry11a.o(.ARM.Collect$$$$0000000F)
    .ARM.Collect$$$$00002712                 0x08000140   Section        4  entry2.o(.ARM.Collect$$$$00002712)
    $v0                                      0x08000144   Number         0  startup_gd32f30x_xd.o(.text)
    .text                                    0x08000144   Section       36  startup_gd32f30x_xd.o(.text)
    .text                                    0x08000168   Section        0  memcpya.o(.text)
    .text                                    0x0800018c   Section        0  memseta.o(.text)
    .text                                    0x080001b0   Section        0  uidiv.o(.text)
    .text                                    0x080001dc   Section       36  init.o(.text)
    [Anonymous Symbol]                       0x08000200   Section        0  gd32f30x_it.o(.text.BusFault_Handler)
    [Anonymous Symbol]                       0x08000204   Section        0  gd32f30x_it.o(.text.DebugMon_Handler)
    [Anonymous Symbol]                       0x08000208   Section        0  gd32f30x_it.o(.text.HardFault_Handler)
    [Anonymous Symbol]                       0x0800020c   Section        0  gd32f30x_it.o(.text.MemManage_Handler)
    [Anonymous Symbol]                       0x08000210   Section        0  gd32f30x_it.o(.text.NMI_Handler)
    [Anonymous Symbol]                       0x08000214   Section        0  gd32f30x_it.o(.text.PendSV_Handler)
    [Anonymous Symbol]                       0x08000218   Section        0  gd32f30x_it.o(.text.SVC_Handler)
    [Anonymous Symbol]                       0x0800021c   Section        0  gd32f30x_it.o(.text.SysTick_Handler)
    [Anonymous Symbol]                       0x08000220   Section        0  system_gd32f30x.o(.text.SystemInit)
    [Anonymous Symbol]                       0x08000368   Section        0  gd32f30x_it.o(.text.USART0_IRQHandler)
    [Anonymous Symbol]                       0x08000370   Section        0  gd32f30x_it.o(.text.USART1_IRQHandler)
    [Anonymous Symbol]                       0x08000378   Section        0  gd32f30x_it.o(.text.UsageFault_Handler)
    [Anonymous Symbol]                       0x0800037c   Section        0  main.o(.text.convert_data_meter)
    [Anonymous Symbol]                       0x08000438   Section        0  main.o(.text.extract_data)
    [Anonymous Symbol]                       0x08000560   Section        0  gd32f30x_gpio.o(.text.gpio_bit_reset)
    [Anonymous Symbol]                       0x08000564   Section        0  gd32f30x_gpio.o(.text.gpio_bit_set)
    [Anonymous Symbol]                       0x08000568   Section        0  gd32f30x_gpio.o(.text.gpio_init)
    [Anonymous Symbol]                       0x08000620   Section        0  main.o(.text.main)
    [Anonymous Symbol]                       0x080009cc   Section        0  gd32f30x_misc.o(.text.nvic_irq_enable)
    [Anonymous Symbol]                       0x08000a74   Section        0  gd32f30x_rcu.o(.text.rcu_clock_freq_get)
    [Anonymous Symbol]                       0x08000b60   Section        0  gd32f30x_rcu.o(.text.rcu_periph_clock_enable)
    [Anonymous Symbol]                       0x08000b80   Section        0  gd32f30x_rcu.o(.text.rcu_periph_reset_disable)
    [Anonymous Symbol]                       0x08000ba0   Section        0  gd32f30x_rcu.o(.text.rcu_periph_reset_enable)
    [Anonymous Symbol]                       0x08000bc0   Section        0  main.o(.text.uart0_handle)
    [Anonymous Symbol]                       0x08000c38   Section        0  usart.o(.text.uart0_init)
    [Anonymous Symbol]                       0x08000cb0   Section        0  main.o(.text.uart1_handle)
    [Anonymous Symbol]                       0x08000f40   Section        0  usart.o(.text.uart1_init)
    [Anonymous Symbol]                       0x08000fb4   Section        0  usart.o(.text.uart1_send_string)
    [Anonymous Symbol]                       0x08000fd8   Section        0  usart.o(.text.uart_init)
    [Anonymous Symbol]                       0x08000fe4   Section        0  gd32f30x_usart.o(.text.usart_baudrate_set)
    [Anonymous Symbol]                       0x08001050   Section        0  gd32f30x_usart.o(.text.usart_data_receive)
    [Anonymous Symbol]                       0x08001058   Section        0  gd32f30x_usart.o(.text.usart_data_transmit)
    [Anonymous Symbol]                       0x08001068   Section        0  gd32f30x_usart.o(.text.usart_deinit)
    [Anonymous Symbol]                       0x080010e0   Section        0  gd32f30x_usart.o(.text.usart_enable)
    [Anonymous Symbol]                       0x080010ec   Section        0  gd32f30x_usart.o(.text.usart_interrupt_enable)
    [Anonymous Symbol]                       0x08001104   Section        0  gd32f30x_usart.o(.text.usart_interrupt_flag_get)
    [Anonymous Symbol]                       0x08001128   Section        0  gd32f30x_usart.o(.text.usart_receive_config)
    [Anonymous Symbol]                       0x08001134   Section        0  gd32f30x_usart.o(.text.usart_transmit_config)
    i.__0sprintf$1                           0x08001140   Section        0  printf1.o(i.__0sprintf$1)
    i.__scatterload_copy                     0x08001168   Section       14  handlers.o(i.__scatterload_copy)
    i.__scatterload_null                     0x08001176   Section        2  handlers.o(i.__scatterload_null)
    i.__scatterload_zeroinit                 0x08001178   Section       14  handlers.o(i.__scatterload_zeroinit)
    _printf_core                             0x08001189   Thumb Code   336  printf1.o(i._printf_core)
    i._printf_core                           0x08001188   Section        0  printf1.o(i._printf_core)
    _sputc                                   0x080012dd   Thumb Code    10  printf1.o(i._sputc)
    i._sputc                                 0x080012dc   Section        0  printf1.o(i._sputc)
    .L__const.rcu_clock_freq_get.apb2_exp    0x080012e6   Data           8  gd32f30x_rcu.o(.rodata.cst8)
    .L.str                                   0x080012ee   Data          19  main.o(.rodata.str1.1)
    [Anonymous Symbol]                       0x080012ee   Section        0  main.o(.rodata.str1.1)
    len_meter_buf                            0x20000004   Data           4  main.o(.bss.len_meter_buf)
    len_rxmeter                              0x20000008   Data           4  main.o(.bss.len_rxmeter)
    meter_buf                                0x2000000c   Data        4000  main.o(.bss.meter_buf)
    rx_cnt                                   0x20000fac   Data           4  main.o(.bss.rx_cnt)
    sim_flag                                 0x20000fb0   Data           1  main.o(.bss.sim_flag)
    uart0_rxbuf                              0x20000fbc   Data        2000  main.o(.bss.uart0_rxbuf)
    uart0_rxbuf1                             0x2000178c   Data        2000  main.o(.bss.uart0_rxbuf1)
    uart1_rxbuf                              0x20001f60   Data        4000  main.o(.bss.uart1_rxbuf)
    uart1_temp                               0x20002f00   Data        4000  main.o(.bss.uart1_temp)
    uart1_tx                                 0x20003ea0   Data        2000  main.o(.bss.uart1_tx)
    STACK                                    0x20004670   Section     1024  startup_gd32f30x_xd.o(STACK)

    Global Symbols

    Symbol Name                              Value     Ov Type        Size  Object(Section)

    BuildAttributes$$THM_ISAv4$E$P$D$K$B$S$7EM$VFPi3$EXTD16$VFPS$VFMA$PE$A:L22UL41UL21$X:L11$S22US41US21$IEEE1$IW$~IW$USESV6$~STKCKD$USESV7$~SHL$OTIME$ROPI$EBA8$MICROLIB$REQ8$PRES8$EABIv2 0x00000000   Number         0  anon$$obj.o ABSOLUTE
    _printf_a                                0x00000000   Number         0  printfstubs.o ABSOLUTE
    _printf_c                                0x00000000   Number         0  printfstubs.o ABSOLUTE
    _printf_charcount                        0x00000000   Number         0  printfstubs.o ABSOLUTE
    _printf_d                                0x00000000   Number         0  printfstubs.o ABSOLUTE
    _printf_e                                0x00000000   Number         0  printfstubs.o ABSOLUTE
    _printf_f                                0x00000000   Number         0  printfstubs.o ABSOLUTE
    _printf_flags                            0x00000000   Number         0  printfstubs.o ABSOLUTE
    _printf_fp_dec                           0x00000000   Number         0  printfstubs.o ABSOLUTE
    _printf_fp_hex                           0x00000000   Number         0  printfstubs.o ABSOLUTE
    _printf_g                                0x00000000   Number         0  printfstubs.o ABSOLUTE
    _printf_i                                0x00000000   Number         0  printfstubs.o ABSOLUTE
    _printf_int_dec                          0x00000000   Number         0  printfstubs.o ABSOLUTE
    _printf_l                                0x00000000   Number         0  printfstubs.o ABSOLUTE
    _printf_lc                               0x00000000   Number         0  printfstubs.o ABSOLUTE
    _printf_ll                               0x00000000   Number         0  printfstubs.o ABSOLUTE
    _printf_lld                              0x00000000   Number         0  printfstubs.o ABSOLUTE
    _printf_lli                              0x00000000   Number         0  printfstubs.o ABSOLUTE
    _printf_llo                              0x00000000   Number         0  printfstubs.o ABSOLUTE
    _printf_llu                              0x00000000   Number         0  printfstubs.o ABSOLUTE
    _printf_llx                              0x00000000   Number         0  printfstubs.o ABSOLUTE
    _printf_longlong_dec                     0x00000000   Number         0  printfstubs.o ABSOLUTE
    _printf_longlong_hex                     0x00000000   Number         0  printfstubs.o ABSOLUTE
    _printf_longlong_oct                     0x00000000   Number         0  printfstubs.o ABSOLUTE
    _printf_ls                               0x00000000   Number         0  printfstubs.o ABSOLUTE
    _printf_mbtowc                           0x00000000   Number         0  printfstubs.o ABSOLUTE
    _printf_n                                0x00000000   Number         0  printfstubs.o ABSOLUTE
    _printf_o                                0x00000000   Number         0  printfstubs.o ABSOLUTE
    _printf_p                                0x00000000   Number         0  printfstubs.o ABSOLUTE
    _printf_percent                          0x00000000   Number         0  printfstubs.o ABSOLUTE
    _printf_pre_padding                      0x00000000   Number         0  printfstubs.o ABSOLUTE
    _printf_return_value                     0x00000000   Number         0  printfstubs.o ABSOLUTE
    _printf_s                                0x00000000   Number         0  printfstubs.o ABSOLUTE
    _printf_sizespec                         0x00000000   Number         0  printfstubs.o ABSOLUTE
    _printf_str                              0x00000000   Number         0  printfstubs.o ABSOLUTE
    _printf_truncate_signed                  0x00000000   Number         0  printfstubs.o ABSOLUTE
    _printf_truncate_unsigned                0x00000000   Number         0  printfstubs.o ABSOLUTE
    _printf_u                                0x00000000   Number         0  printfstubs.o ABSOLUTE
    _printf_wc                               0x00000000   Number         0  printfstubs.o ABSOLUTE
    _printf_wctomb                           0x00000000   Number         0  printfstubs.o ABSOLUTE
    _printf_widthprec                        0x00000000   Number         0  printfstubs.o ABSOLUTE
    _printf_x                                0x00000000   Number         0  printfstubs.o ABSOLUTE
    __cpp_initialize__aeabi_                  - Undefined Weak Reference
    __cxa_finalize                            - Undefined Weak Reference
    __decompress                              - Undefined Weak Reference
    _clock_init                               - Undefined Weak Reference
    _microlib_exit                            - Undefined Weak Reference
    __Vectors_Size                           0x00000130   Number         0  startup_gd32f30x_xd.o ABSOLUTE
    __Vectors                                0x08000000   Data           4  startup_gd32f30x_xd.o(RESET)
    __Vectors_End                            0x08000130   Data           0  startup_gd32f30x_xd.o(RESET)
    __main                                   0x08000131   Thumb Code     0  entry.o(.ARM.Collect$$$$00000000)
    _main_stk                                0x08000131   Thumb Code     0  entry2.o(.ARM.Collect$$$$00000001)
    _main_scatterload                        0x08000135   Thumb Code     0  entry5.o(.ARM.Collect$$$$00000004)
    __main_after_scatterload                 0x08000139   Thumb Code     0  entry5.o(.ARM.Collect$$$$00000004)
    _main_clock                              0x08000139   Thumb Code     0  entry7b.o(.ARM.Collect$$$$00000008)
    _main_cpp_init                           0x08000139   Thumb Code     0  entry8b.o(.ARM.Collect$$$$0000000A)
    _main_init                               0x08000139   Thumb Code     0  entry9a.o(.ARM.Collect$$$$0000000B)
    __rt_final_cpp                           0x08000141   Thumb Code     0  entry10a.o(.ARM.Collect$$$$0000000D)
    __rt_final_exit                          0x08000141   Thumb Code     0  entry11a.o(.ARM.Collect$$$$0000000F)
    Reset_Handler                            0x08000145   Thumb Code     8  startup_gd32f30x_xd.o(.text)
    ADC0_1_IRQHandler                        0x0800015f   Thumb Code     0  startup_gd32f30x_xd.o(.text)
    ADC2_IRQHandler                          0x0800015f   Thumb Code     0  startup_gd32f30x_xd.o(.text)
    CAN0_EWMC_IRQHandler                     0x0800015f   Thumb Code     0  startup_gd32f30x_xd.o(.text)
    CAN0_RX1_IRQHandler                      0x0800015f   Thumb Code     0  startup_gd32f30x_xd.o(.text)
    DMA0_Channel0_IRQHandler                 0x0800015f   Thumb Code     0  startup_gd32f30x_xd.o(.text)
    DMA0_Channel1_IRQHandler                 0x0800015f   Thumb Code     0  startup_gd32f30x_xd.o(.text)
    DMA0_Channel2_IRQHandler                 0x0800015f   Thumb Code     0  startup_gd32f30x_xd.o(.text)
    DMA0_Channel3_IRQHandler                 0x0800015f   Thumb Code     0  startup_gd32f30x_xd.o(.text)
    DMA0_Channel4_IRQHandler                 0x0800015f   Thumb Code     0  startup_gd32f30x_xd.o(.text)
    DMA0_Channel5_IRQHandler                 0x0800015f   Thumb Code     0  startup_gd32f30x_xd.o(.text)
    DMA0_Channel6_IRQHandler                 0x0800015f   Thumb Code     0  startup_gd32f30x_xd.o(.text)
    DMA1_Channel0_IRQHandler                 0x0800015f   Thumb Code     0  startup_gd32f30x_xd.o(.text)
    DMA1_Channel1_IRQHandler                 0x0800015f   Thumb Code     0  startup_gd32f30x_xd.o(.text)
    DMA1_Channel2_IRQHandler                 0x0800015f   Thumb Code     0  startup_gd32f30x_xd.o(.text)
    DMA1_Channel3_4_IRQHandler               0x0800015f   Thumb Code     0  startup_gd32f30x_xd.o(.text)
    EXMC_IRQHandler                          0x0800015f   Thumb Code     0  startup_gd32f30x_xd.o(.text)
    EXTI0_IRQHandler                         0x0800015f   Thumb Code     0  startup_gd32f30x_xd.o(.text)
    EXTI10_15_IRQHandler                     0x0800015f   Thumb Code     0  startup_gd32f30x_xd.o(.text)
    EXTI1_IRQHandler                         0x0800015f   Thumb Code     0  startup_gd32f30x_xd.o(.text)
    EXTI2_IRQHandler                         0x0800015f   Thumb Code     0  startup_gd32f30x_xd.o(.text)
    EXTI3_IRQHandler                         0x0800015f   Thumb Code     0  startup_gd32f30x_xd.o(.text)
    EXTI4_IRQHandler                         0x0800015f   Thumb Code     0  startup_gd32f30x_xd.o(.text)
    EXTI5_9_IRQHandler                       0x0800015f   Thumb Code     0  startup_gd32f30x_xd.o(.text)
    FMC_IRQHandler                           0x0800015f   Thumb Code     0  startup_gd32f30x_xd.o(.text)
    I2C0_ER_IRQHandler                       0x0800015f   Thumb Code     0  startup_gd32f30x_xd.o(.text)
    I2C0_EV_IRQHandler                       0x0800015f   Thumb Code     0  startup_gd32f30x_xd.o(.text)
    I2C1_ER_IRQHandler                       0x0800015f   Thumb Code     0  startup_gd32f30x_xd.o(.text)
    I2C1_EV_IRQHandler                       0x0800015f   Thumb Code     0  startup_gd32f30x_xd.o(.text)
    LVD_IRQHandler                           0x0800015f   Thumb Code     0  startup_gd32f30x_xd.o(.text)
    RCU_CTC_IRQHandler                       0x0800015f   Thumb Code     0  startup_gd32f30x_xd.o(.text)
    RTC_Alarm_IRQHandler                     0x0800015f   Thumb Code     0  startup_gd32f30x_xd.o(.text)
    RTC_IRQHandler                           0x0800015f   Thumb Code     0  startup_gd32f30x_xd.o(.text)
    SDIO_IRQHandler                          0x0800015f   Thumb Code     0  startup_gd32f30x_xd.o(.text)
    SPI0_IRQHandler                          0x0800015f   Thumb Code     0  startup_gd32f30x_xd.o(.text)
    SPI1_IRQHandler                          0x0800015f   Thumb Code     0  startup_gd32f30x_xd.o(.text)
    SPI2_IRQHandler                          0x0800015f   Thumb Code     0  startup_gd32f30x_xd.o(.text)
    TAMPER_IRQHandler                        0x0800015f   Thumb Code     0  startup_gd32f30x_xd.o(.text)
    TIMER0_BRK_TIMER8_IRQHandler             0x0800015f   Thumb Code     0  startup_gd32f30x_xd.o(.text)
    TIMER0_Channel_IRQHandler                0x0800015f   Thumb Code     0  startup_gd32f30x_xd.o(.text)
    TIMER0_TRG_CMT_TIMER10_IRQHandler        0x0800015f   Thumb Code     0  startup_gd32f30x_xd.o(.text)
    TIMER0_UP_TIMER9_IRQHandler              0x0800015f   Thumb Code     0  startup_gd32f30x_xd.o(.text)
    TIMER1_IRQHandler                        0x0800015f   Thumb Code     0  startup_gd32f30x_xd.o(.text)
    TIMER2_IRQHandler                        0x0800015f   Thumb Code     0  startup_gd32f30x_xd.o(.text)
    TIMER3_IRQHandler                        0x0800015f   Thumb Code     0  startup_gd32f30x_xd.o(.text)
    TIMER4_IRQHandler                        0x0800015f   Thumb Code     0  startup_gd32f30x_xd.o(.text)
    TIMER5_IRQHandler                        0x0800015f   Thumb Code     0  startup_gd32f30x_xd.o(.text)
    TIMER6_IRQHandler                        0x0800015f   Thumb Code     0  startup_gd32f30x_xd.o(.text)
    TIMER7_BRK_TIMER11_IRQHandler            0x0800015f   Thumb Code     0  startup_gd32f30x_xd.o(.text)
    TIMER7_Channel_IRQHandler                0x0800015f   Thumb Code     0  startup_gd32f30x_xd.o(.text)
    TIMER7_TRG_CMT_TIMER13_IRQHandler        0x0800015f   Thumb Code     0  startup_gd32f30x_xd.o(.text)
    TIMER7_UP_TIMER12_IRQHandler             0x0800015f   Thumb Code     0  startup_gd32f30x_xd.o(.text)
    UART3_IRQHandler                         0x0800015f   Thumb Code     0  startup_gd32f30x_xd.o(.text)
    UART4_IRQHandler                         0x0800015f   Thumb Code     0  startup_gd32f30x_xd.o(.text)
    USART2_IRQHandler                        0x0800015f   Thumb Code     0  startup_gd32f30x_xd.o(.text)
    USBD_HP_CAN0_TX_IRQHandler               0x0800015f   Thumb Code     0  startup_gd32f30x_xd.o(.text)
    USBD_LP_CAN0_RX0_IRQHandler              0x0800015f   Thumb Code     0  startup_gd32f30x_xd.o(.text)
    USBD_WKUP_IRQHandler                     0x0800015f   Thumb Code     0  startup_gd32f30x_xd.o(.text)
    WWDGT_IRQHandler                         0x0800015f   Thumb Code     0  startup_gd32f30x_xd.o(.text)
    __aeabi_memcpy                           0x08000169   Thumb Code    36  memcpya.o(.text)
    __aeabi_memcpy4                          0x08000169   Thumb Code     0  memcpya.o(.text)
    __aeabi_memcpy8                          0x08000169   Thumb Code     0  memcpya.o(.text)
    __aeabi_memset                           0x0800018d   Thumb Code    14  memseta.o(.text)
    __aeabi_memset4                          0x0800018d   Thumb Code     0  memseta.o(.text)
    __aeabi_memset8                          0x0800018d   Thumb Code     0  memseta.o(.text)
    __aeabi_memclr                           0x0800019b   Thumb Code     4  memseta.o(.text)
    __aeabi_memclr4                          0x0800019b   Thumb Code     0  memseta.o(.text)
    __aeabi_memclr8                          0x0800019b   Thumb Code     0  memseta.o(.text)
    _memset$wrapper                          0x0800019f   Thumb Code    18  memseta.o(.text)
    __aeabi_uidiv                            0x080001b1   Thumb Code     0  uidiv.o(.text)
    __aeabi_uidivmod                         0x080001b1   Thumb Code    44  uidiv.o(.text)
    __scatterload                            0x080001dd   Thumb Code    28  init.o(.text)
    __scatterload_rt2                        0x080001dd   Thumb Code     0  init.o(.text)
    BusFault_Handler                         0x08000201   Thumb Code     2  gd32f30x_it.o(.text.BusFault_Handler)
    DebugMon_Handler                         0x08000205   Thumb Code     2  gd32f30x_it.o(.text.DebugMon_Handler)
    HardFault_Handler                        0x08000209   Thumb Code     2  gd32f30x_it.o(.text.HardFault_Handler)
    MemManage_Handler                        0x0800020d   Thumb Code     2  gd32f30x_it.o(.text.MemManage_Handler)
    NMI_Handler                              0x08000211   Thumb Code     2  gd32f30x_it.o(.text.NMI_Handler)
    PendSV_Handler                           0x08000215   Thumb Code     2  gd32f30x_it.o(.text.PendSV_Handler)
    SVC_Handler                              0x08000219   Thumb Code     2  gd32f30x_it.o(.text.SVC_Handler)
    SysTick_Handler                          0x0800021d   Thumb Code     2  gd32f30x_it.o(.text.SysTick_Handler)
    SystemInit                               0x08000221   Thumb Code   326  system_gd32f30x.o(.text.SystemInit)
    USART0_IRQHandler                        0x08000369   Thumb Code     8  gd32f30x_it.o(.text.USART0_IRQHandler)
    USART1_IRQHandler                        0x08000371   Thumb Code     8  gd32f30x_it.o(.text.USART1_IRQHandler)
    UsageFault_Handler                       0x08000379   Thumb Code     2  gd32f30x_it.o(.text.UsageFault_Handler)
    convert_data_meter                       0x0800037d   Thumb Code   188  main.o(.text.convert_data_meter)
    extract_data                             0x08000439   Thumb Code   294  main.o(.text.extract_data)
    gpio_bit_reset                           0x08000561   Thumb Code     4  gd32f30x_gpio.o(.text.gpio_bit_reset)
    gpio_bit_set                             0x08000565   Thumb Code     4  gd32f30x_gpio.o(.text.gpio_bit_set)
    gpio_init                                0x08000569   Thumb Code   182  gd32f30x_gpio.o(.text.gpio_init)
    main                                     0x08000621   Thumb Code   872  main.o(.text.main)
    nvic_irq_enable                          0x080009cd   Thumb Code   168  gd32f30x_misc.o(.text.nvic_irq_enable)
    rcu_clock_freq_get                       0x08000a75   Thumb Code   220  gd32f30x_rcu.o(.text.rcu_clock_freq_get)
    rcu_periph_clock_enable                  0x08000b61   Thumb Code    30  gd32f30x_rcu.o(.text.rcu_periph_clock_enable)
    rcu_periph_reset_disable                 0x08000b81   Thumb Code    32  gd32f30x_rcu.o(.text.rcu_periph_reset_disable)
    rcu_periph_reset_enable                  0x08000ba1   Thumb Code    30  gd32f30x_rcu.o(.text.rcu_periph_reset_enable)
    uart0_handle                             0x08000bc1   Thumb Code   120  main.o(.text.uart0_handle)
    uart0_init                               0x08000c39   Thumb Code   118  usart.o(.text.uart0_init)
    uart1_handle                             0x08000cb1   Thumb Code   654  main.o(.text.uart1_handle)
    uart1_init                               0x08000f41   Thumb Code   114  usart.o(.text.uart1_init)
    uart1_send_string                        0x08000fb5   Thumb Code    34  usart.o(.text.uart1_send_string)
    uart_init                                0x08000fd9   Thumb Code    12  usart.o(.text.uart_init)
    usart_baudrate_set                       0x08000fe5   Thumb Code   106  gd32f30x_usart.o(.text.usart_baudrate_set)
    usart_data_receive                       0x08001051   Thumb Code     8  gd32f30x_usart.o(.text.usart_data_receive)
    usart_data_transmit                      0x08001059   Thumb Code    16  gd32f30x_usart.o(.text.usart_data_transmit)
    usart_deinit                             0x08001069   Thumb Code   118  gd32f30x_usart.o(.text.usart_deinit)
    usart_enable                             0x080010e1   Thumb Code    10  gd32f30x_usart.o(.text.usart_enable)
    usart_interrupt_enable                   0x080010ed   Thumb Code    22  gd32f30x_usart.o(.text.usart_interrupt_enable)
    usart_interrupt_flag_get                 0x08001105   Thumb Code    34  gd32f30x_usart.o(.text.usart_interrupt_flag_get)
    usart_receive_config                     0x08001129   Thumb Code    12  gd32f30x_usart.o(.text.usart_receive_config)
    usart_transmit_config                    0x08001135   Thumb Code    12  gd32f30x_usart.o(.text.usart_transmit_config)
    __0sprintf$1                             0x08001141   Thumb Code    34  printf1.o(i.__0sprintf$1)
    __1sprintf$1                             0x08001141   Thumb Code     0  printf1.o(i.__0sprintf$1)
    __2sprintf                               0x08001141   Thumb Code     0  printf1.o(i.__0sprintf$1)
    __scatterload_copy                       0x08001169   Thumb Code    14  handlers.o(i.__scatterload_copy)
    __scatterload_null                       0x08001177   Thumb Code     2  handlers.o(i.__scatterload_null)
    __scatterload_zeroinit                   0x08001179   Thumb Code    14  handlers.o(i.__scatterload_zeroinit)
    Region$$Table$$Base                      0x08001304   Number         0  anon$$obj.o(Region$$Table)
    Region$$Table$$Limit                     0x08001314   Number         0  anon$$obj.o(Region$$Table)
    etx                                      0x20000000   Data           4  main.o(.bss.etx)
    socket_id                                0x20000fb4   Data           4  main.o(.bss.socket_id)
    stx                                      0x20000fb8   Data           4  main.o(.bss.stx)
    uart1_index                              0x20001f5c   Data           4  main.o(.bss.uart1_index)
    __initial_sp                             0x20004a70   Data           0  startup_gd32f30x_xd.o(STACK)



==============================================================================

Memory Map of the image

  Image Entry point : 0x08000131

  Load Region LR_IROM1 (Base: 0x08000000, Size: 0x00001314, Max: 0x00080000, ABSOLUTE)

    Execution Region ER_IROM1 (Exec base: 0x08000000, Load base: 0x08000000, Size: 0x00001314, Max: 0x00080000, ABSOLUTE)

    Exec Addr    Load Addr    Size         Type   Attr      Idx    E Section Name        Object

    0x08000000   0x08000000   0x00000130   Data   RO            3    RESET               startup_gd32f30x_xd.o
    0x08000130   0x08000130   0x00000000   Code   RO          338  * .ARM.Collect$$$$00000000  mc_w.l(entry.o)
    0x08000130   0x08000130   0x00000004   Code   RO          475    .ARM.Collect$$$$00000001  mc_w.l(entry2.o)
    0x08000134   0x08000134   0x00000004   Code   RO          478    .ARM.Collect$$$$00000004  mc_w.l(entry5.o)
    0x08000138   0x08000138   0x00000000   Code   RO          480    .ARM.Collect$$$$00000008  mc_w.l(entry7b.o)
    0x08000138   0x08000138   0x00000000   Code   RO          482    .ARM.Collect$$$$0000000A  mc_w.l(entry8b.o)
    0x08000138   0x08000138   0x00000008   Code   RO          483    .ARM.Collect$$$$0000000B  mc_w.l(entry9a.o)
    0x08000140   0x08000140   0x00000000   Code   RO          485    .ARM.Collect$$$$0000000D  mc_w.l(entry10a.o)
    0x08000140   0x08000140   0x00000000   Code   RO          487    .ARM.Collect$$$$0000000F  mc_w.l(entry11a.o)
    0x08000140   0x08000140   0x00000004   Code   RO          476    .ARM.Collect$$$$00002712  mc_w.l(entry2.o)
    0x08000144   0x08000144   0x00000024   Code   RO            4    .text               startup_gd32f30x_xd.o
    0x08000168   0x08000168   0x00000024   Code   RO          341    .text               mc_w.l(memcpya.o)
    0x0800018c   0x0800018c   0x00000024   Code   RO          342    .text               mc_w.l(memseta.o)
    0x080001b0   0x080001b0   0x0000002c   Code   RO          495    .text               mc_w.l(uidiv.o)
    0x080001dc   0x080001dc   0x00000024   Code   RO          503    .text               mc_w.l(init.o)
    0x08000200   0x08000200   0x00000002   Code   RO          253    .text.BusFault_Handler  gd32f30x_it.o
    0x08000202   0x08000202   0x00000002   PAD
    0x08000204   0x08000204   0x00000002   Code   RO          259    .text.DebugMon_Handler  gd32f30x_it.o
    0x08000206   0x08000206   0x00000002   PAD
    0x08000208   0x08000208   0x00000002   Code   RO          249    .text.HardFault_Handler  gd32f30x_it.o
    0x0800020a   0x0800020a   0x00000002   PAD
    0x0800020c   0x0800020c   0x00000002   Code   RO          251    .text.MemManage_Handler  gd32f30x_it.o
    0x0800020e   0x0800020e   0x00000002   PAD
    0x08000210   0x08000210   0x00000002   Code   RO          247    .text.NMI_Handler   gd32f30x_it.o
    0x08000212   0x08000212   0x00000002   PAD
    0x08000214   0x08000214   0x00000002   Code   RO          261    .text.PendSV_Handler  gd32f30x_it.o
    0x08000216   0x08000216   0x00000002   PAD
    0x08000218   0x08000218   0x00000002   Code   RO          257    .text.SVC_Handler   gd32f30x_it.o
    0x0800021a   0x0800021a   0x00000002   PAD
    0x0800021c   0x0800021c   0x00000002   Code   RO          263    .text.SysTick_Handler  gd32f30x_it.o
    0x0800021e   0x0800021e   0x00000002   PAD
    0x08000220   0x08000220   0x00000146   Code   RO            6    .text.SystemInit    system_gd32f30x.o
    0x08000366   0x08000366   0x00000002   PAD
    0x08000368   0x08000368   0x00000008   Code   RO          265    .text.USART0_IRQHandler  gd32f30x_it.o
    0x08000370   0x08000370   0x00000008   Code   RO          267    .text.USART1_IRQHandler  gd32f30x_it.o
    0x08000378   0x08000378   0x00000002   Code   RO          255    .text.UsageFault_Handler  gd32f30x_it.o
    0x0800037a   0x0800037a   0x00000002   PAD
    0x0800037c   0x0800037c   0x000000bc   Code   RO          303    .text.convert_data_meter  main.o
    0x08000438   0x08000438   0x00000126   Code   RO          295    .text.extract_data  main.o
    0x0800055e   0x0800055e   0x00000002   PAD
    0x08000560   0x08000560   0x00000004   Code   RO           20    .text.gpio_bit_reset  gd32f30x_gpio.o
    0x08000564   0x08000564   0x00000004   Code   RO           18    .text.gpio_bit_set  gd32f30x_gpio.o
    0x08000568   0x08000568   0x000000b6   Code   RO           16    .text.gpio_init     gd32f30x_gpio.o
    0x0800061e   0x0800061e   0x00000002   PAD
    0x08000620   0x08000620   0x000003ac   Code   RO          319    .text.main          main.o
    0x080009cc   0x080009cc   0x000000a8   Code   RO           53    .text.nvic_irq_enable  gd32f30x_misc.o
    0x08000a74   0x08000a74   0x000000ec   Code   RO          243    .text.rcu_clock_freq_get  gd32f30x_rcu.o
    0x08000b60   0x08000b60   0x0000001e   Code   RO          171    .text.rcu_periph_clock_enable  gd32f30x_rcu.o
    0x08000b7e   0x08000b7e   0x00000002   PAD
    0x08000b80   0x08000b80   0x00000020   Code   RO          181    .text.rcu_periph_reset_disable  gd32f30x_rcu.o
    0x08000ba0   0x08000ba0   0x0000001e   Code   RO          179    .text.rcu_periph_reset_enable  gd32f30x_rcu.o
    0x08000bbe   0x08000bbe   0x00000002   PAD
    0x08000bc0   0x08000bc0   0x00000078   Code   RO          287    .text.uart0_handle  main.o
    0x08000c38   0x08000c38   0x00000076   Code   RO          270    .text.uart0_init    usart.o
    0x08000cae   0x08000cae   0x00000002   PAD
    0x08000cb0   0x08000cb0   0x0000028e   Code   RO          289    .text.uart1_handle  main.o
    0x08000f3e   0x08000f3e   0x00000002   PAD
    0x08000f40   0x08000f40   0x00000072   Code   RO          274    .text.uart1_init    usart.o
    0x08000fb2   0x08000fb2   0x00000002   PAD
    0x08000fb4   0x08000fb4   0x00000022   Code   RO          276    .text.uart1_send_string  usart.o
    0x08000fd6   0x08000fd6   0x00000002   PAD
    0x08000fd8   0x08000fd8   0x0000000c   Code   RO          278    .text.uart_init     usart.o
    0x08000fe4   0x08000fe4   0x0000006a   Code   RO           68    .text.usart_baudrate_set  gd32f30x_usart.o
    0x0800104e   0x0800104e   0x00000002   PAD
    0x08001050   0x08001050   0x00000008   Code   RO           98    .text.usart_data_receive  gd32f30x_usart.o
    0x08001058   0x08001058   0x00000010   Code   RO           94    .text.usart_data_transmit  gd32f30x_usart.o
    0x08001068   0x08001068   0x00000076   Code   RO           66    .text.usart_deinit  gd32f30x_usart.o
    0x080010de   0x080010de   0x00000002   PAD
    0x080010e0   0x080010e0   0x0000000a   Code   RO           76    .text.usart_enable  gd32f30x_usart.o
    0x080010ea   0x080010ea   0x00000002   PAD
    0x080010ec   0x080010ec   0x00000016   Code   RO          158    .text.usart_interrupt_enable  gd32f30x_usart.o
    0x08001102   0x08001102   0x00000002   PAD
    0x08001104   0x08001104   0x00000022   Code   RO          162    .text.usart_interrupt_flag_get  gd32f30x_usart.o
    0x08001126   0x08001126   0x00000002   PAD
    0x08001128   0x08001128   0x0000000c   Code   RO           82    .text.usart_receive_config  gd32f30x_usart.o
    0x08001134   0x08001134   0x0000000c   Code   RO           80    .text.usart_transmit_config  gd32f30x_usart.o
    0x08001140   0x08001140   0x00000028   Code   RO          369    i.__0sprintf$1      mc_w.l(printf1.o)
    0x08001168   0x08001168   0x0000000e   Code   RO          510    i.__scatterload_copy  mc_w.l(handlers.o)
    0x08001176   0x08001176   0x00000002   Code   RO          511    i.__scatterload_null  mc_w.l(handlers.o)
    0x08001178   0x08001178   0x0000000e   Code   RO          512    i.__scatterload_zeroinit  mc_w.l(handlers.o)
    0x08001186   0x08001186   0x00000002   PAD
    0x08001188   0x08001188   0x00000154   Code   RO          374    i._printf_core      mc_w.l(printf1.o)
    0x080012dc   0x080012dc   0x0000000a   Code   RO          376    i._sputc            mc_w.l(printf1.o)
    0x080012e6   0x080012e6   0x00000008   Data   RO          245    .rodata.cst8        gd32f30x_rcu.o
    0x080012ee   0x080012ee   0x00000013   Data   RO          333    .rodata.str1.1      main.o
    0x08001301   0x08001301   0x00000003   PAD
    0x08001304   0x08001304   0x00000010   Data   RO          509    Region$$Table       anon$$obj.o


    Execution Region RW_IRAM1 (Exec base: 0x20000000, Load base: 0x08001314, Size: 0x00004a70, Max: 0x00010000, ABSOLUTE)

    Exec Addr    Load Addr    Size         Type   Attr      Idx    E Section Name        Object

    0x20000000        -       0x00000004   Zero   RW          324    .bss.etx            main.o
    0x20000004        -       0x00000004   Zero   RW          331    .bss.len_meter_buf  main.o
    0x20000008        -       0x00000004   Zero   RW          327    .bss.len_rxmeter    main.o
    0x2000000c        -       0x00000fa0   Zero   RW          334    .bss.meter_buf      main.o
    0x20000fac        -       0x00000004   Zero   RW          326    .bss.rx_cnt         main.o
    0x20000fb0        -       0x00000001   Zero   RW          328    .bss.sim_flag       main.o
    0x20000fb1   0x08001314   0x00000003   PAD
    0x20000fb4        -       0x00000004   Zero   RW          322    .bss.socket_id      main.o
    0x20000fb8        -       0x00000004   Zero   RW          323    .bss.stx            main.o
    0x20000fbc        -       0x000007d0   Zero   RW          335    .bss.uart0_rxbuf    main.o
    0x2000178c        -       0x000007d0   Zero   RW          325    .bss.uart0_rxbuf1   main.o
    0x20001f5c        -       0x00000004   Zero   RW          321    .bss.uart1_index    main.o
    0x20001f60        -       0x00000fa0   Zero   RW          329    .bss.uart1_rxbuf    main.o
    0x20002f00        -       0x00000fa0   Zero   RW          330    .bss.uart1_temp     main.o
    0x20003ea0        -       0x000007d0   Zero   RW          332    .bss.uart1_tx       main.o
    0x20004670        -       0x00000400   Zero   RW            1    STACK               startup_gd32f30x_xd.o


==============================================================================

Image component sizes


      Code (inc. data)   RO Data    RW Data    ZI Data      Debug   Object Name

       190          0          0          0          0          0   gd32f30x_gpio.o
        34          0          0          0          0          0   gd32f30x_it.o
       168          0          0          0          0          0   gd32f30x_misc.o
       328         20          8          0          0          0   gd32f30x_rcu.o
       338          0          0          0          0          0   gd32f30x_usart.o
      2196        122         19          0      18029          0   main.o
        36          8        304          0       1024          0   startup_gd32f30x_xd.o
       326          0          0          0          0          0   system_gd32f30x.o
       278          0          0          0          0          0   usart.o

    ----------------------------------------------------------------------
      3940        150        350          0      19056          0   Object Totals
         0          0         16          0          0          0   (incl. Generated)
        46          0          3          0          3          0   (incl. Padding)

    ----------------------------------------------------------------------

      Code (inc. data)   RO Data    RW Data    ZI Data      Debug   Library Member Name

         0          0          0          0          0          0   entry.o
         0          0          0          0          0          0   entry10a.o
         0          0          0          0          0          0   entry11a.o
         8          4          0          0          0          0   entry2.o
         4          0          0          0          0          0   entry5.o
         0          0          0          0          0          0   entry7b.o
         0          0          0          0          0          0   entry8b.o
         8          4          0          0          0          0   entry9a.o
        30          0          0          0          0          0   handlers.o
        36          8          0          0          0          0   init.o
        36          0          0          0          0          0   memcpya.o
        36          0          0          0          0          0   memseta.o
       390         10          0          0          0          0   printf1.o
        44          0          0          0          0          0   uidiv.o

    ----------------------------------------------------------------------
       594         26          0          0          0          0   Library Totals
         2          0          0          0          0          0   (incl. Padding)

    ----------------------------------------------------------------------

      Code (inc. data)   RO Data    RW Data    ZI Data      Debug   Library Name

       592         26          0          0          0          0   mc_w.l

    ----------------------------------------------------------------------
       594         26          0          0          0          0   Library Totals

    ----------------------------------------------------------------------

==============================================================================


      Code (inc. data)   RO Data    RW Data    ZI Data      Debug   

      4534        176        350          0      19056          0   Grand Totals
      4534        176        350          0      19056          0   ELF Image Totals
      4534        176        350          0          0          0   ROM Totals

==============================================================================

    Total RO  Size (Code + RO Data)                 4884 (   4.77kB)
    Total RW  Size (RW Data + ZI Data)             19056 (  18.61kB)
    Total ROM Size (Code + RO Data + RW Data)       4884 (   4.77kB)

==============================================================================

